Archive member included because of file (symbol)

fwlib/libstm32fw.a(stm32f10x_adc.o)
                              main.o (ADC_Init)
fwlib/libstm32fw.a(stm32f10x_flash.o)
                              initsystem.o (FLASH_SetLatency)
fwlib/libstm32fw.a(stm32f10x_gpio.o)
                              initsystem.o (GPIO_Init)
fwlib/libstm32fw.a(stm32f10x_nvic.o)
                              initsystem.o (NVIC_PriorityGroupConfig)
fwlib/libstm32fw.a(stm32f10x_rcc.o)
                              initsystem.o (RCC_HSEConfig)
fwlib/libstm32fw.a(stm32f10x_tim.o)
                              initsystem.o (TIM_TimeBaseInit)
fwlib/libstm32fw.a(stm32f10x_usart.o)
                              initsystem.o (USART_Cmd)
fwlib/libstm32fw.a(cortexm3_macro.o)
                              fwlib/libstm32fw.a(stm32f10x_nvic.o) (__SETPRIMASK)
c:/program files (x86)/codesourcery/sourcery g++ lite/bin/../lib/gcc/arm-none-eabi/4.4.1/../../../../arm-none-eabi/lib/thumb2\libc.a(lib_a-sprintf.o)
                              main.o (sprintf)
c:/program files (x86)/codesourcery/sourcery g++ lite/bin/../lib/gcc/arm-none-eabi/4.4.1/../../../../arm-none-eabi/lib/thumb2\libc.a(lib_a-svfprintf.o)
                              c:/program files (x86)/codesourcery/sourcery g++ lite/bin/../lib/gcc/arm-none-eabi/4.4.1/../../../../arm-none-eabi/lib/thumb2\libc.a(lib_a-sprintf.o) (_svfprintf_r)
c:/program files (x86)/codesourcery/sourcery g++ lite/bin/../lib/gcc/arm-none-eabi/4.4.1/../../../../arm-none-eabi/lib/thumb2\libc.a(lib_a-dtoa.o)
                              c:/program files (x86)/codesourcery/sourcery g++ lite/bin/../lib/gcc/arm-none-eabi/4.4.1/../../../../arm-none-eabi/lib/thumb2\libc.a(lib_a-svfprintf.o) (_dtoa_r)
c:/program files (x86)/codesourcery/sourcery g++ lite/bin/../lib/gcc/arm-none-eabi/4.4.1/../../../../arm-none-eabi/lib/thumb2\libc.a(lib_a-freer.o)
                              c:/program files (x86)/codesourcery/sourcery g++ lite/bin/../lib/gcc/arm-none-eabi/4.4.1/../../../../arm-none-eabi/lib/thumb2\libc.a(lib_a-svfprintf.o) (_free_r)
c:/program files (x86)/codesourcery/sourcery g++ lite/bin/../lib/gcc/arm-none-eabi/4.4.1/../../../../arm-none-eabi/lib/thumb2\libc.a(lib_a-impure.o)
                              c:/program files (x86)/codesourcery/sourcery g++ lite/bin/../lib/gcc/arm-none-eabi/4.4.1/../../../../arm-none-eabi/lib/thumb2\libc.a(lib_a-sprintf.o) (_impure_ptr)
c:/program files (x86)/codesourcery/sourcery g++ lite/bin/../lib/gcc/arm-none-eabi/4.4.1/../../../../arm-none-eabi/lib/thumb2\libc.a(lib_a-locale.o)
                              c:/program files (x86)/codesourcery/sourcery g++ lite/bin/../lib/gcc/arm-none-eabi/4.4.1/../../../../arm-none-eabi/lib/thumb2\libc.a(lib_a-svfprintf.o) (_localeconv_r)
c:/program files (x86)/codesourcery/sourcery g++ lite/bin/../lib/gcc/arm-none-eabi/4.4.1/../../../../arm-none-eabi/lib/thumb2\libc.a(lib_a-malloc.o)
                              c:/program files (x86)/codesourcery/sourcery g++ lite/bin/../lib/gcc/arm-none-eabi/4.4.1/../../../../arm-none-eabi/lib/thumb2\libc.a(lib_a-dtoa.o) (malloc)
c:/program files (x86)/codesourcery/sourcery g++ lite/bin/../lib/gcc/arm-none-eabi/4.4.1/../../../../arm-none-eabi/lib/thumb2\libc.a(lib_a-mallocr.o)
                              c:/program files (x86)/codesourcery/sourcery g++ lite/bin/../lib/gcc/arm-none-eabi/4.4.1/../../../../arm-none-eabi/lib/thumb2\libc.a(lib_a-svfprintf.o) (_malloc_r)
c:/program files (x86)/codesourcery/sourcery g++ lite/bin/../lib/gcc/arm-none-eabi/4.4.1/../../../../arm-none-eabi/lib/thumb2\libc.a(lib_a-memchr.o)
                              c:/program files (x86)/codesourcery/sourcery g++ lite/bin/../lib/gcc/arm-none-eabi/4.4.1/../../../../arm-none-eabi/lib/thumb2\libc.a(lib_a-svfprintf.o) (memchr)
c:/program files (x86)/codesourcery/sourcery g++ lite/bin/../lib/gcc/arm-none-eabi/4.4.1/../../../../arm-none-eabi/lib/thumb2\libc.a(lib_a-memcpy.o)
                              c:/program files (x86)/codesourcery/sourcery g++ lite/bin/../lib/gcc/arm-none-eabi/4.4.1/../../../../arm-none-eabi/lib/thumb2\libc.a(lib_a-svfprintf.o) (memcpy)
c:/program files (x86)/codesourcery/sourcery g++ lite/bin/../lib/gcc/arm-none-eabi/4.4.1/../../../../arm-none-eabi/lib/thumb2\libc.a(lib_a-memmove.o)
                              c:/program files (x86)/codesourcery/sourcery g++ lite/bin/../lib/gcc/arm-none-eabi/4.4.1/../../../../arm-none-eabi/lib/thumb2\libc.a(lib_a-svfprintf.o) (memmove)
c:/program files (x86)/codesourcery/sourcery g++ lite/bin/../lib/gcc/arm-none-eabi/4.4.1/../../../../arm-none-eabi/lib/thumb2\libc.a(lib_a-mlock.o)
                              c:/program files (x86)/codesourcery/sourcery g++ lite/bin/../lib/gcc/arm-none-eabi/4.4.1/../../../../arm-none-eabi/lib/thumb2\libc.a(lib_a-freer.o) (__malloc_lock)
c:/program files (x86)/codesourcery/sourcery g++ lite/bin/../lib/gcc/arm-none-eabi/4.4.1/../../../../arm-none-eabi/lib/thumb2\libc.a(lib_a-mprec.o)
[...]
Memory Configuration

Name             Origin             Length             Attributes
ram              0x20000000         0x00005000         xrw
rom              0x08000000         0x00020000         xr
*default*        0x00000000         0xffffffff

Linker script and memory map

LOAD c:/program files (x86)/codesourcery/sourcery g++ lite/bin/../lib/gcc/arm-none-eabi/4.4.1/thumb2/crti.o
LOAD c:/program files (x86)/codesourcery/sourcery g++ lite/bin/../lib/gcc/arm-none-eabi/4.4.1/thumb2/crtbegin.o
LOAD eeprom.o
LOAD initsystem.o
LOAD led.o
LOAD main.o
LOAD serial.o
LOAD stm32exceptions.o
LOAD fwlib/libstm32fw.a
START GROUP
LOAD c:/program files (x86)/codesourcery/sourcery g++ lite/bin/../lib/gcc/arm-none-eabi/4.4.1/thumb2\libgcc.a
LOAD c:/program files (x86)/codesourcery/sourcery g++ lite/bin/../lib/gcc/arm-none-eabi/4.4.1/../../../../arm-none-eabi/lib/thumb2\libc.a
END GROUP
LOAD c:/program files (x86)/codesourcery/sourcery g++ lite/bin/../lib/gcc/arm-none-eabi/4.4.1/thumb2/crtend.o
LOAD c:/program files (x86)/codesourcery/sourcery g++ lite/bin/../lib/gcc/arm-none-eabi/4.4.1/thumb2/crtn.o
START GROUP
LOAD c:/program files (x86)/codesourcery/sourcery g++ lite/bin/../lib/gcc/arm-none-eabi/4.4.1/thumb2\libgcc.a
LOAD c:/program files (x86)/codesourcery/sourcery g++ lite/bin/../lib/gcc/arm-none-eabi/4.4.1/../../../../arm-none-eabi/lib/thumb2\libc.a
LOAD c:/program files (x86)/codesourcery/sourcery g++ lite/bin/../lib/gcc/arm-none-eabi/4.4.1/../../../../arm-none-eabi/lib/thumb2\libcs3.a
LOAD c:/program files (x86)/codesourcery/sourcery g++ lite/bin/../lib/gcc/arm-none-eabi/4.4.1/../../../../arm-none-eabi/lib/thumb2\libcs3unhosted.a
LOAD lanchon-stm32\libcs3-lanchon-stm32.a
END GROUP
                0x20005000                PROVIDE (__cs3_stack, (__cs3_region_start_ram + __cs3_region_size_ram))
                0x200006e8                PROVIDE (__cs3_heap_start, _end)
                0x20005000                PROVIDE (__cs3_heap_end, (__cs3_region_start_ram + __cs3_region_size_ram))

.text           0x08000000     0x8b8c
 CREATE_OBJECT_SYMBOLS
                0x08000000                __cs3_region_start_rom = .
 *(.cs3.region-head.rom)
                0x08000000                __cs3_interrupt_vector = __cs3_interrupt_vector_lanchon_stm32
 *(.cs3.interrupt_vector)
 .cs3.interrupt_vector
                0x08000000       0xec lanchon-stm32\libcs3-lanchon-stm32.a(lanchon-stm32-vector.o)
                0x08000000                __cs3_interrupt_vector_lanchon_stm32
                0x08000001                ASSERT ((. != __cs3_interrupt_vector_lanchon_stm32), No interrupt vector)
 *(.rom)
 *(.rom.b)
                0x080088d8                PROVIDE (__cs3_reset_lanchon_stm32, _start)
                0x080088d8                __cs3_reset = __cs3_reset_lanchon_stm32
 *(.cs3.reset)
 *(.text .text.* .gnu.linkonce.t.*)
 .text          0x080000ec       0x68 c:/program files (x86)/codesourcery/sourcery g++ lite/bin/../lib/gcc/arm-none-eabi/4.4.1/thumb2/crtbegin.o
 .text          0x08000154      0x4c0 eeprom.o
                0x08000154                EE_ReadVariable
                0x08000290                EE_WriteVariable
                0x080003b8                EE_Init
 .text          0x08000614      0x2b4 initsystem.o
                0x08000614                initUART1
                0x0800066c                NVIC_Configuration
                0x080006b4                GPIO_Configuration
                0x080007ac                TIM_Configuration
                0x08000820                RCC_Configuration
                0x080008b0                initSystem
 .text          0x080008c8       0xa4 led.o
                0x080008c8                setLEDStatus
                0x080008d4                TIM2_IRQHandler
 .text          0x0800096c      0x1dc main.o
                0x0800096c                main
 .text          0x08000b48      0x150 serial.o
                0x08000b48                USART1_IRQHandler
                0x08000c68                print_uart1
 .text          0x08000c98      0x3d8 fwlib/libstm32fw.a(stm32f10x_adc.o)
                0x08000c98                ADC_Init
                0x08000cec                ADC_StructInit
                0x08000d00                ADC_Cmd
                0x08000d18                ADC_DMACmd
                0x08000d38                ADC_ITConfig
                0x08000d50                ADC_ResetCalibration
                0x08000d5c                ADC_GetResetCalibrationStatus
                0x08000d64                ADC_StartCalibration
                0x08000d70                ADC_GetCalibrationStatus
                0x08000d78                ADC_SoftwareStartConvCmd
                0x08000d90                ADC_GetSoftwareStartConvStatus
                0x08000d98                ADC_DiscModeChannelCountConfig
                0x08000dac                ADC_DiscModeCmd
                0x08000dc4                ADC_RegularChannelConfig
                0x08000e64                ADC_ExternalTrigConvCmd
                0x08000e7c                ADC_GetConversionValue
                0x08000e84                ADC_GetDualModeConversionValue
                0x08000e90                ADC_AutoInjectedConvCmd
                0x08000ea8                ADC_InjectedDiscModeCmd
                0x08000ec0                ADC_ExternalTrigInjectedConvConfig
                0x08000ed0                ADC_ExternalTrigInjectedConvCmd
                0x08000ee8                ADC_SoftwareStartInjectedConvCmd
                0x08000f00                ADC_GetSoftwareStartInjectedConvCmdStatus
                0x08000f08                ADC_InjectedChannelConfig
                0x08000f70                ADC_InjectedSequencerLengthConfig
                0x08000f84                ADC_SetInjectedOffset
                0x08000f88                ADC_GetInjectedConversionValue
                0x08000f90                ADC_AnalogWatchdogCmd
                0x08000fa4                ADC_AnalogWatchdogThresholdsConfig
                0x08000fac                ADC_AnalogWatchdogSingleChannelConfig
                0x08000fbc                ADC_TempSensorVrefintCmd
                0x08000fe4                ADC_GetFlagStatus
                0x08000ff0                ADC_ClearFlag
                0x08000ffc                ADC_GetITStatus
                0x08001018                ADC_ClearITPendingBit
                0x08001028                ADC_DeInit
 .text          0x08001070      0x630 fwlib/libstm32fw.a(stm32f10x_flash.o)
                0x08001070                FLASH_SetLatency
                0x0800108c                FLASH_HalfCycleAccessCmd
                0x080010a8                FLASH_PrefetchBufferCmd
                0x080010c4                FLASH_Unlock
                0x080010e4                FLASH_Lock
                0x080010f8                FLASH_GetUserOptionByte
                0x08001108                FLASH_GetWriteProtectionOptionByte
                0x08001114                FLASH_GetReadOutProtectionStatus
                0x08001124                FLASH_GetPrefetchBufferStatus
                0x08001134                FLASH_ITConfig
                0x08001158                FLASH_GetFlagStatus
                0x08001180                FLASH_ClearFlag
                0x0800118c                FLASH_GetStatus
                0x080011bc                FLASH_WaitForLastOperation
                0x08001248                FLASH_UserOptionByteConfig
                0x080012b0                FLASH_ReadOutProtection
                0x08001370                FLASH_EnableWriteProtection
                0x0800148c                FLASH_ProgramOptionByteData
                0x080014e0                FLASH_ProgramHalfWord
                0x08001520                FLASH_ProgramWord
                0x08001578                FLASH_EraseOptionBytes
                0x0800160c                FLASH_EraseAllPages
                0x08001654                FLASH_ErasePage
 .text          0x080016a0      0x528 fwlib/libstm32fw.a(stm32f10x_gpio.o)
                0x080016a0                GPIO_Init
                0x08001a00                GPIO_StructInit
                0x08001a10                GPIO_ReadInputDataBit
                0x08001a1c                GPIO_ReadInputData
                0x08001a24                GPIO_ReadOutputDataBit
                0x08001a30                GPIO_ReadOutputData
                0x08001a38                GPIO_SetBits
                0x08001a3c                GPIO_ResetBits
                0x08001a40                GPIO_WriteBit
                0x08001a4c                GPIO_Write
                0x08001a50                GPIO_PinLockConfig
                0x08001a60                GPIO_EventOutputConfig
                0x08001a88                GPIO_EventOutputCmd
                0x08001a94                GPIO_PinRemapConfig
                0x08001ae0                GPIO_EXTILineConfig
                0x08001b18                GPIO_AFIODeInit
                0x08001b2c                GPIO_DeInit
 .text          0x08001bc8      0x3e0 fwlib/libstm32fw.a(stm32f10x_nvic.o)
                0x08001bc8                NVIC_DeInit
                0x08001c18                NVIC_SCBDeInit
                0x08001c50                NVIC_PriorityGroupConfig
                0x08001c64                NVIC_Init
                0x08001cfc                NVIC_StructInit
                0x08001d08                NVIC_GetCurrentPendingIRQChannel
                0x08001d18                NVIC_GetIRQChannelPendingBitStatus
                0x08001d40                NVIC_SetIRQChannelPendingBit
                0x08001d4c                NVIC_ClearIRQChannelPendingBit
                0x08001d68                NVIC_GetCurrentActiveHandler
                0x08001d78                NVIC_GetIRQChannelActiveBitStatus
                0x08001da0                NVIC_GetCPUID
                0x08001dac                NVIC_SetVectorTable
                0x08001dc4                NVIC_GenerateSystemReset
                0x08001dd8                NVIC_GenerateCoreReset
                0x08001dec                NVIC_SystemLPConfig
                0x08001e10                NVIC_SystemHandlerConfig
                0x08001e40                NVIC_SystemHandlerPriorityConfig
                0x08001e9c                NVIC_GetSystemHandlerPendingBitStatus
                0x08001ebc                NVIC_SetSystemHandlerPendingBit
                0x08001ed4                NVIC_ClearSystemHandlerPendingBit
                0x08001ef0                NVIC_GetSystemHandlerActiveBitStatus
                0x08001f10                NVIC_GetFaultHandlerSources
                0x08001f54                NVIC_GetFaultAddress
                0x08001f74                NVIC_GetBASEPRI
                0x08001f7c                NVIC_BASEPRICONFIG
                0x08001f88                NVIC_RESETFAULTMASK
                0x08001f90                NVIC_SETFAULTMASK
                0x08001f98                NVIC_RESETPRIMASK
                0x08001fa0                NVIC_SETPRIMASK
 .text          0x08001fa8      0x410 fwlib/libstm32fw.a(stm32f10x_rcc.o)
                0x08001fa8                RCC_DeInit
                0x08001ff8                RCC_HSEConfig
                0x08002030                RCC_WaitForHSEStartUp
                0x0800206c                RCC_AdjustHSICalibrationValue
                0x08002084                RCC_HSICmd
                0x08002090                RCC_PLLConfig
                0x080020a8                RCC_PLLCmd
                0x080020b4                RCC_SYSCLKConfig
                0x080020cc                RCC_GetSYSCLKSource
                0x080020dc                RCC_HCLKConfig
                0x080020f4                RCC_PCLK1Config
                0x0800210c                RCC_PCLK2Config
                0x08002124                RCC_ITConfig
                0x0800214c                RCC_USBCLKConfig
                0x08002158                RCC_ADCCLKConfig
                0x08002170                RCC_LSEConfig
                0x08002190                RCC_LSICmd
                0x0800219c                RCC_RTCCLKConfig
                0x080021b0                RCC_RTCCLKCmd
                0x080021bc                RCC_GetClocksFreq
                0x0800226c                RCC_AHBPeriphClockCmd
                0x08002290                RCC_APB2PeriphClockCmd
                0x080022b4                RCC_APB1PeriphClockCmd
                0x080022d8                RCC_APB2PeriphResetCmd
                0x080022fc                RCC_APB1PeriphResetCmd
                0x08002320                RCC_BackupResetCmd
                0x0800232c                RCC_ClockSecuritySystemCmd
                0x08002338                RCC_MCOConfig
                0x08002344                RCC_GetFlagStatus
                0x08002384                RCC_ClearFlag
                0x08002398                RCC_GetITStatus
                0x080023ac                RCC_ClearITPendingBit
 .text          0x080023b8      0xb10 fwlib/libstm32fw.a(stm32f10x_tim.o)
                0x080023b8                TIM_TimeBaseInit
                0x080023e0                TIM_OCInit
                0x080024f0                TIM_ICInit
                0x08002830                TIM_TimeBaseStructInit
                0x0800283c                TIM_OCStructInit
                0x08002848                TIM_ICStructInit
                0x08002860                TIM_Cmd
                0x08002880                TIM_ITConfig
                0x0800289c                TIM_DMAConfig
                0x080028a8                TIM_DMACmd
                0x080028c0                TIM_InternalClockConfig
                0x080028d0                TIM_ITRxExternalClockConfig
                0x080028f0                TIM_TIxExternalClockConfig
                0x080029a8                TIM_ETRClockMode1Config
                0x080029f0                TIM_ETRClockMode2Config
                0x08002a10                TIM_ETRConfig
                0x08002a28                TIM_SelectInputTrigger
                0x08002a3c                TIM_PrescalerConfig
                0x08002a58                TIM_CounterModeConfig
                0x08002a6c                TIM_ForcedOC1Config
                0x08002a80                TIM_ForcedOC2Config
                0x08002a98                TIM_ForcedOC3Config
                0x08002aac                TIM_ForcedOC4Config
                0x08002ac4                TIM_ARRPreloadConfig
                0x08002ae4                TIM_SelectCCDMA
                0x08002afc                TIM_OC1PreloadConfig
                0x08002b10                TIM_OC2PreloadConfig
                0x08002b28                TIM_OC3PreloadConfig
                0x08002b3c                TIM_OC4PreloadConfig
                0x08002b54                TIM_OC1FastConfig
                0x08002b68                TIM_OC2FastConfig
                0x08002b80                TIM_OC3FastConfig
                0x08002b94                TIM_OC4FastConfig
                0x08002bac                TIM_ClearOC1Ref
                0x08002bc0                TIM_ClearOC2Ref
                0x08002bd4                TIM_ClearOC3Ref
                0x08002be8                TIM_ClearOC4Ref
                0x08002bfc                TIM_UpdateDisableConfig
                0x08002c1c                TIM_EncoderInterfaceConfig
                0x08002c6c                TIM_GenerateEvent
                0x08002c7c                TIM_OC1PolarityConfig
                0x08002c94                TIM_OC2PolarityConfig
                0x08002cb0                TIM_OC3PolarityConfig
                0x08002ccc                TIM_OC4PolarityConfig
                0x08002ce8                TIM_UpdateRequestConfig
                0x08002d0c                TIM_SelectHallSensor
                0x08002d2c                TIM_SelectOnePulseMode
                0x08002d40                TIM_SelectOutputTrigger
                0x08002d50                TIM_SelectSlaveMode
                0x08002d64                TIM_SelectMasterSlaveMode
                0x08002d78                TIM_SetCounter
                0x08002d7c                TIM_SetAutoreload
                0x08002d80                TIM_SetCompare1
                0x08002d84                TIM_SetCompare2
                0x08002d88                TIM_SetCompare3
                0x08002d8c                TIM_SetCompare4
                0x08002d94                TIM_SetIC1Prescaler
                0x08002da8                TIM_SetIC2Prescaler
                0x08002dc0                TIM_SetIC3Prescaler
                0x08002dd4                TIM_SetIC4Prescaler
                0x08002dec                TIM_SetClockDivision
                0x08002dfc                TIM_GetCapture1
                0x08002e04                TIM_GetCapture2
                0x08002e0c                TIM_GetCapture3
                0x08002e14                TIM_GetCapture4
                0x08002e1c                TIM_GetCounter
                0x08002e24                TIM_GetPrescaler
                0x08002e2c                TIM_GetFlagStatus
                0x08002e38                TIM_ClearFlag
                0x08002e48                TIM_GetITStatus
                0x08002e60                TIM_ClearITPendingBit
                0x08002e70                TIM_DeInit
 .text          0x08002ec8      0x3e8 fwlib/libstm32fw.a(stm32f10x_usart.o)
                0x08002ec8                USART_StructInit
                0x08002ee8                USART_Cmd
                0x08002f08                USART_ITConfig
                0x08002f40                USART_DMACmd
                0x08002f5c                USART_SetAddress
                0x08002f7c                USART_WakeUpConfig
                0x08002f9c                USART_ReceiverWakeUpCmd
                0x08002fbc                USART_LINBreakDetectLengthConfig
                0x08002fdc                USART_LINCmd
                0x08002ffc                USART_SendData
                0x08003004                USART_ReceiveData
                0x0800300c                USART_SendBreak
                0x08003018                USART_SetGuardTime
                0x08003030                USART_SetPrescaler
                0x08003048                USART_SmartCardCmd
                0x08003068                USART_SmartCardNACKCmd
                0x08003088                USART_HalfDuplexCmd
                0x080030a8                USART_IrDAConfig
                0x080030c8                USART_IrDACmd
                0x080030e8                USART_GetFlagStatus
                0x080030f4                USART_ClearFlag
                0x08003104                USART_GetITStatus
                0x08003168                USART_ClearITPendingBit
                0x08003180                USART_Init
                0x08003244                USART_DeInit
 .text          0x080032b0       0x6e fwlib/libstm32fw.a(cortexm3_macro.o)
                0x080032b0                __WFI
                0x080032b4                __WFE
                0x080032b8                __SEV
                0x080032bc                __ISB
                0x080032c2                __DSB
                0x080032c8                __DMB
                0x080032ce                __SVC
                0x080032d2                __MRS_CONTROL
                0x080032d8                __MSR_CONTROL
                0x080032e2                __MRS_PSP
                0x080032e8                __MSR_PSP
                0x080032ee                __MRS_MSP
                0x080032f4                __MSR_MSP
                0x080032fa                __SETPRIMASK
                0x080032fe                __RESETPRIMASK
                0x08003302                __SETFAULTMASK
                0x08003306                __RESETFAULTMASK
                0x0800330a                __BASEPRICONFIG
                0x08003310                __GetBASEPRI
                0x08003316                __REV_HalfWord
                0x0800331a                __REV_Word
 *fill*         0x0800331e        0x2 00
 .text          0x08003320       0x94 c:/program files (x86)/codesourcery/sourcery g++ lite/bin/../lib/gcc/arm-none-eabi/4.4.1/../../../../arm-none-eabi/lib/thumb2\libc.a(lib_a-sprintf.o)
                0x08003320                sprintf
                0x08003370                _sprintf_r
 .text          0x080033b4     0x15e4 c:/program files (x86)/codesourcery/sourcery g++ lite/bin/../lib/gcc/arm-none-eabi/4.4.1/../../../../arm-none-eabi/lib/thumb2\libc.a(lib_a-svfprintf.o)
                0x080034d0                _svfprintf_r
 .text          0x08004998      0xfc0 c:/program files (x86)/codesourcery/sourcery g++ lite/bin/../lib/gcc/arm-none-eabi/4.4.1/../../../../arm-none-eabi/lib/thumb2\libc.a(lib_a-dtoa.o)
                0x08004ab8                _dtoa_r
 .text          0x08005958      0x264 c:/program files (x86)/codesourcery/sourcery g++ lite/bin/../lib/gcc/arm-none-eabi/4.4.1/../../../../arm-none-eabi/lib/thumb2\libc.a(lib_a-freer.o)
                0x08005958                _malloc_trim_r
                0x08005a00                _free_r
 .text          0x08005bbc       0x7c c:/program files (x86)/codesourcery/sourcery g++ lite/bin/../lib/gcc/arm-none-eabi/4.4.1/../../../../arm-none-eabi/lib/thumb2\libc.a(lib_a-locale.o)
                0x08005bbc                __locale_charset
                0x08005bc8                _localeconv_r
                0x08005bd0                localeconv
                0x08005bd8                _setlocale_r
                0x08005c20                setlocale
 .text          0x08005c38       0x28 c:/program files (x86)/codesourcery/sourcery g++ lite/bin/../lib/gcc/arm-none-eabi/4.4.1/../../../../arm-none-eabi/lib/thumb2\libc.a(lib_a-malloc.o)
                0x08005c38                free
                0x08005c4c                malloc
 .text          0x08005c60      0x5a4 c:/program files (x86)/codesourcery/sourcery g++ lite/bin/../lib/gcc/arm-none-eabi/4.4.1/../../../../arm-none-eabi/lib/thumb2\libc.a(lib_a-mallocr.o)
                0x08005c60                _malloc_r
 .text          0x08006204       0x74 c:/program files (x86)/codesourcery/sourcery g++ lite/bin/../lib/gcc/arm-none-eabi/4.4.1/../../../../arm-none-eabi/lib/thumb2\libc.a(lib_a-memchr.o)
                0x08006204                memchr
 .text          0x08006278      0x190 c:/program files (x86)/codesourcery/sourcery g++ lite/bin/../lib/gcc/arm-none-eabi/4.4.1/../../../../arm-none-eabi/lib/thumb2\libc.a(lib_a-memcpy.o)
                0x08006278                memcpy
 .text          0x08006408       0xb8 c:/program files (x86)/codesourcery/sourcery g++ lite/bin/../lib/gcc/arm-none-eabi/4.4.1/../../../../arm-none-eabi/lib/thumb2\libc.a(lib_a-memmove.o)
                0x08006408                memmove
 .text          0x080064c0        0x8 c:/program files (x86)/codesourcery/sourcery g++ lite/bin/../lib/gcc/arm-none-eabi/4.4.1/../../../../arm-none-eabi/lib/thumb2\libc.a(lib_a-mlock.o)
                0x080064c0                __malloc_lock
                0x080064c4                __malloc_unlock
 .text          0x080064c8      0x968 c:/program files (x86)/codesourcery/sourcery g++ lite/bin/../lib/gcc/arm-none-eabi/4.4.1/../../../../arm-none-eabi/lib/thumb2\libc.a(lib_a-mprec.o)
                0x080064c8                __hi0bits
                0x08006508                __lo0bits
                0x0800656c                __mcmp
                0x080065ac                __ulp
                0x080065f4                __b2d
                0x08006698                __ratio
                0x080066f8                _mprec_log10
                0x08006734                __copybits
                0x08006784                __any_on
                0x080067dc                _Bfree
                0x08006814                _Balloc
                0x08006884                __d2b
                0x08006954                __mdiff
                0x08006a50                __lshift
                0x08006b10                __multiply
                0x08006c48                __i2b
                0x08006c5c                __multadd
                0x08006ce8                __pow5mult
                0x08006d94                __s2b
 .text          0x08006e30      0x3b4 c:/program files (x86)/codesourcery/sourcery g++ lite/bin/../lib/gcc/arm-none-eabi/4.4.1/../../../../arm-none-eabi/lib/thumb2\libc.a(lib_a-reallocr.o)
                0x08006e30                _realloc_r
 .text          0x080071e4       0x24 c:/program files (x86)/codesourcery/sourcery g++ lite/bin/../lib/gcc/arm-none-eabi/4.4.1/../../../../arm-none-eabi/lib/thumb2\libc.a(lib_a-s_isinfd.o)
                0x080071e4                __isinfd
 .text          0x08007208       0x1c c:/program files (x86)/codesourcery/sourcery g++ lite/bin/../lib/gcc/arm-none-eabi/4.4.1/../../../../arm-none-eabi/lib/thumb2\libc.a(lib_a-s_isnand.o)
                0x08007208                __isnand
 .text          0x08007224       0x28 c:/program files (x86)/codesourcery/sourcery g++ lite/bin/../lib/gcc/arm-none-eabi/4.4.1/../../../../arm-none-eabi/lib/thumb2\libc.a(lib_a-sbrkr.o)
                0x08007224                _sbrk_r
 .text          0x0800724c      0x1dc c:/program files (x86)/codesourcery/sourcery g++ lite/bin/../lib/gcc/arm-none-eabi/4.4.1/../../../../arm-none-eabi/lib/thumb2\libc.a(lib_a-strcmp.o)
                0x0800724c                strcmp
 .text          0x08007428       0x60 c:/program files (x86)/codesourcery/sourcery g++ lite/bin/../lib/gcc/arm-none-eabi/4.4.1/../../../../arm-none-eabi/lib/thumb2\libc.a(lib_a-strlen.o)
                0x08007428                strlen
 .text          0x08007488       0x5c c:/program files (x86)/codesourcery/sourcery g++ lite/bin/../lib/gcc/arm-none-eabi/4.4.1/../../../../arm-none-eabi/lib/thumb2\libc.a(lib_a-callocr.o)
                0x08007488                _calloc_r
 .text          0x080074e4       0xd4 c:/program files (x86)/codesourcery/sourcery g++ lite/bin/../lib/gcc/arm-none-eabi/4.4.1/../../../../arm-none-eabi/lib/thumb2\libc.a(lib_a-memset.o)
                0x080074e4                memset
 .text          0x080075b8      0x278 c:/program files (x86)/codesourcery/sourcery g++ lite/bin/../lib/gcc/arm-none-eabi/4.4.1/thumb2\libgcc.a(_udivsi3.o)
                0x080075b8                __aeabi_uidiv
                0x080075b8                __udivsi3
                0x08007814                __aeabi_uidivmod
 .text          0x08007830        0x4 c:/program files (x86)/codesourcery/sourcery g++ lite/bin/../lib/gcc/arm-none-eabi/4.4.1/thumb2\libgcc.a(_dvmd_tls.o)
                0x08007830                __aeabi_idiv0
                0x08007830                __aeabi_ldiv0
 .text          0x08007834      0x370 c:/program files (x86)/codesourcery/sourcery g++ lite/bin/../lib/gcc/arm-none-eabi/4.4.1/thumb2\libgcc.a(_arm_addsubdf3.o)
                0x08007834                __aeabi_drsub
                0x0800783c                __aeabi_dsub
                0x0800783c                __subdf3
                0x08007840                __aeabi_dadd
                0x08007840                __adddf3
                0x08007ab8                __floatunsidf
                0x08007ab8                __aeabi_ui2d
                0x08007ad8                __floatsidf
                0x08007ad8                __aeabi_i2d
                0x08007afc                __aeabi_f2d
                0x08007afc                __extendsfdf2
                0x08007b38                __floatundidf
                0x08007b38                __aeabi_ul2d
                0x08007b48                __floatdidf
                0x08007b48                __aeabi_l2d
 .text          0x08007ba4      0x424 c:/program files (x86)/codesourcery/sourcery g++ lite/bin/../lib/gcc/arm-none-eabi/4.4.1/thumb2\libgcc.a(_arm_muldivdf3.o)
                0x08007ba4                __aeabi_dmul
                0x08007ba4                __muldf3
                0x08007df8                __divdf3
                0x08007df8                __aeabi_ddiv
 .text          0x08007fc8      0x110 c:/program files (x86)/codesourcery/sourcery g++ lite/bin/../lib/gcc/arm-none-eabi/4.4.1/thumb2\libgcc.a(_arm_cmpdf2.o)
                0x08007fc8                __gtdf2
                0x08007fc8                __gedf2
                0x08007fd0                __ltdf2
                0x08007fd0                __ledf2
                0x08007fd8                __nedf2
                0x08007fd8                __eqdf2
                0x08007fd8                __cmpdf2
                0x08008054                __aeabi_cdrcmple
                0x08008064                __aeabi_cdcmpeq
                0x08008064                __aeabi_cdcmple
                0x08008074                __aeabi_dcmpeq
                0x08008088                __aeabi_dcmplt
                0x0800809c                __aeabi_dcmple
                0x080080b0                __aeabi_dcmpge
                0x080080c4                __aeabi_dcmpgt
 .text          0x080080d8       0x50 c:/program files (x86)/codesourcery/sourcery g++ lite/bin/../lib/gcc/arm-none-eabi/4.4.1/thumb2\libgcc.a(_arm_fixdfsi.o)
                0x080080d8                __aeabi_d2iz
                0x080080d8                __fixdfsi
 .text          0x08008128       0x2c c:/program files (x86)/codesourcery/sourcery g++ lite/bin/../lib/gcc/arm-none-eabi/4.4.1/thumb2\libgcc.a(_aeabi_uldivmod.o)
                0x08008128                __aeabi_uldivmod
 .text          0x08008154       0x58 c:/program files (x86)/codesourcery/sourcery g++ lite/bin/../lib/gcc/arm-none-eabi/4.4.1/thumb2\libgcc.a(bpabi.o)
                0x08008154                __gnu_uldivmod_helper
                0x08008180                __gnu_ldivmod_helper
 .text          0x080081ac      0x35c c:/program files (x86)/codesourcery/sourcery g++ lite/bin/../lib/gcc/arm-none-eabi/4.4.1/thumb2\libgcc.a(_divdi3.o)
                0x080081ac                __divdi3
 .text          0x08008508      0x304 c:/program files (x86)/codesourcery/sourcery g++ lite/bin/../lib/gcc/arm-none-eabi/4.4.1/thumb2\libgcc.a(_udivdi3.o)
                0x08008508                __udivdi3
 .text          0x0800880c       0x88 c:/program files (x86)/codesourcery/sourcery g++ lite/bin/../lib/gcc/arm-none-eabi/4.4.1/../../../../arm-none-eabi/lib/thumb2\libcs3.a(start_c.o)
                0x0800880c                __cs3_start_c
 .text          0x08008894       0x44 c:/program files (x86)/codesourcery/sourcery g++ lite/bin/../lib/gcc/arm-none-eabi/4.4.1/../../../../arm-none-eabi/lib/thumb2\libcs3unhosted.a(unhosted-sbrk.o)
                0x08008894                _sbrk
 .text          0x080088d8       0x10 c:/program files (x86)/codesourcery/sourcery g++ lite/bin/../lib/gcc/arm-none-eabi/4.4.1/../../../../arm-none-eabi/lib/thumb2\libcs3unhosted.a(unhosted-start.o)
                0x080088d8                _start
 .text          0x080088e8        0x2 lanchon-stm32\libcs3-lanchon-stm32.a(lanchon_stm32_isr_interrupt.o)
                0x080088e8                EXTI2_IRQHandler
                0x080088e8                MemManageException
                0x080088e8                BusFaultException
                0x080088e8                TIM1_CC_IRQHandler
                0x080088e8                PVD_IRQHandler
                0x080088e8                EXTI3_IRQHandler
                0x080088e8                DMAChannel7_IRQHandler
                0x080088e8                DebugMonitor
                0x080088e8                SVCHandler
                0x080088e8                HardFaultException
                0x080088e8                __STM32ReservedException8
                0x080088e8                USB_HP_CAN_TX_IRQHandler
                0x080088e8                EXTI0_IRQHandler
                0x080088e8                I2C2_EV_IRQHandler
                0x080088e8                __STM32DefaultExceptionHandler
                0x080088e8                DMAChannel1_IRQHandler
                0x080088e8                SPI1_IRQHandler
                0x080088e8                CAN_SCE_IRQHandler
                0x080088e8                __STM32ReservedException10
                0x080088e8                TAMPER_IRQHandler
                0x080088e8                __STM32ReservedException13
                0x080088e8                NMIException
                0x080088e8                DMAChannel4_IRQHandler
                0x080088e8                USART3_IRQHandler
                0x080088e8                RTC_IRQHandler
                0x080088e8                SysTickHandler
                0x080088e8                PendSVC
                0x080088e8                TIM4_IRQHandler
                0x080088e8                CAN_RX1_IRQHandler
                0x080088e8                I2C1_EV_IRQHandler
                0x080088e8                TIM3_IRQHandler
                0x080088e8                RCC_IRQHandler
                0x080088e8                TIM1_TRG_COM_IRQHandler
                0x080088e8                EXTI15_10_IRQHandler
                0x080088e8                ADC_IRQHandler
                0x080088e8                DMAChannel5_IRQHandler
                0x080088e8                EXTI9_5_IRQHandler
                0x080088e8                DMAChannel2_IRQHandler
                0x080088e8                SPI2_IRQHandler
                0x080088e8                USB_LP_CAN_RX0_IRQHandler
                0x080088e8                EXTI4_IRQHandler
                0x080088e8                __STM32ReservedException7
                0x080088e8                TIM1_UP_IRQHandler
                0x080088e8                WWDG_IRQHandler
                0x080088e8                TIM1_BRK_IRQHandler
                0x080088e8                EXTI1_IRQHandler
                0x080088e8                RTCAlarm_IRQHandler
                0x080088e8                USART2_IRQHandler
                0x080088e8                I2C2_ER_IRQHandler
                0x080088e8                UsageFaultException
                0x080088e8                FLASH_IRQHandler
                0x080088e8                DMAChannel6_IRQHandler
                0x080088e8                DMAChannel3_IRQHandler
                0x080088e8                __STM32ReservedException9
                0x080088e8                I2C1_ER_IRQHandler
                0x080088e8                USBWakeUp_IRQHandler
 *fill*         0x080088ea        0x2 00
 .text          0x080088ec        0xc c:/program files (x86)/codesourcery/sourcery g++ lite/bin/../lib/gcc/arm-none-eabi/4.4.1/../../../../arm-none-eabi/lib/thumb2\libc.a(lib_a-errno.o)
                0x080088ec                __errno
 .text          0x080088f8       0x50 c:/program files (x86)/codesourcery/sourcery g++ lite/bin/../lib/gcc/arm-none-eabi/4.4.1/../../../../arm-none-eabi/lib/thumb2\libc.a(lib_a-init.o)
                0x080088f8                __libc_init_array
 *(.plt)
 *(.gnu.warning)
 *(.glue_7t)
 .glue_7t       0x00000000        0x0 linker stubs
 *(.glue_7)
 .glue_7        0x00000000        0x0 linker stubs
 *(.vfp11_veneer)
 .vfp11_veneer  0x00000000        0x0 linker stubs
 *(.rodata .rodata.* .gnu.linkonce.r.*)
 .rodata.str1.4
                0x08008948        0x3 main.o
                                  0x4 (size before relaxing)
 *fill*         0x0800894b        0x1 00
 .rodata        0x0800894c       0x14 fwlib/libstm32fw.a(stm32f10x_rcc.o)
 .rodata        0x08008960       0x10 fwlib/libstm32fw.a(stm32f10x_tim.o)
 .rodata        0x08008970       0x20 c:/program files (x86)/codesourcery/sourcery g++ lite/bin/../lib/gcc/arm-none-eabi/4.4.1/../../../../arm-none-eabi/lib/thumb2\libc.a(lib_a-svfprintf.o)
 .rodata.str1.4
                0x08008990       0x42 c:/program files (x86)/codesourcery/sourcery g++ lite/bin/../lib/gcc/arm-none-eabi/4.4.1/../../../../arm-none-eabi/lib/thumb2\libc.a(lib_a-svfprintf.o)
                                 0x44 (size before relaxing)
 *fill*         0x080089d2        0x2 00
 .rodata.str1.4
                0x080089d4       0x10 c:/program files (x86)/codesourcery/sourcery g++ lite/bin/../lib/gcc/arm-none-eabi/4.4.1/../../../../arm-none-eabi/lib/thumb2\libc.a(lib_a-dtoa.o)
                                 0x14 (size before relaxing)
 .rodata.str1.4
                0x080089e4        0x2 c:/program files (x86)/codesourcery/sourcery g++ lite/bin/../lib/gcc/arm-none-eabi/4.4.1/../../../../arm-none-eabi/lib/thumb2\libc.a(lib_a-impure.o)
                                  0x4 (size before relaxing)
 *fill*         0x080089e6        0x2 00
 .rodata        0x080089e8       0x34 c:/program files (x86)/codesourcery/sourcery g++ lite/bin/../lib/gcc/arm-none-eabi/4.4.1/../../../../arm-none-eabi/lib/thumb2\libc.a(lib_a-locale.o)
 .rodata.str1.4
                0x08008a1c       0x10 c:/program files (x86)/codesourcery/sourcery g++ lite/bin/../lib/gcc/arm-none-eabi/4.4.1/../../../../arm-none-eabi/lib/thumb2\libc.a(lib_a-locale.o)
                                 0x18 (size before relaxing)
 *fill*         0x08008a2c        0x4 00
 .rodata        0x08008a30      0x128 c:/program files (x86)/codesourcery/sourcery g++ lite/bin/../lib/gcc/arm-none-eabi/4.4.1/../../../../arm-none-eabi/lib/thumb2\libc.a(lib_a-mprec.o)
                0x08008a30                __mprec_tens
                0x08008b08                __mprec_bigtens
                0x08008b30                __mprec_tinytens
 *(.ARM.extab* .gnu.linkonce.armextab.*)
 *(.gcc_except_table)
 *(.eh_frame_hdr)
 *(.eh_frame)
 .eh_frame      0x08008b58        0x0 c:/program files (x86)/codesourcery/sourcery g++ lite/bin/../lib/gcc/arm-none-eabi/4.4.1/thumb2/crtbegin.o
                0x08008b58                . = ALIGN (0x4)
 *(.init)
 .init          0x08008b58        0x4 c:/program files (x86)/codesourcery/sourcery g++ lite/bin/../lib/gcc/arm-none-eabi/4.4.1/thumb2/crti.o
                0x08008b58                _init
 .init          0x08008b5c        0x8 c:/program files (x86)/codesourcery/sourcery g++ lite/bin/../lib/gcc/arm-none-eabi/4.4.1/thumb2/crtn.o
                0x08008b64                . = ALIGN (0x4)
                0x08008b64                __preinit_array_start = .
 *(.preinit_array)
                0x08008b64                __preinit_array_end = .
                0x08008b64                . = ALIGN (0x4)
                0x08008b64                __init_array_start = .
 *(SORT(.init_array.*))
 *(.init_array)
 .init_array    0x08008b64        0x4 c:/program files (x86)/codesourcery/sourcery g++ lite/bin/../lib/gcc/arm-none-eabi/4.4.1/thumb2/crtbegin.o
                0x08008b68                __init_array_end = .
                0x08008b68                . = ALIGN (0x4)
 *crtbegin.o(.ctors)
 *(EXCLUDE_FILE(*crtend.o) .ctors)
 *(SORT(.ctors.*))
 *crtend.o(.ctors)
                0x08008b68                . = ALIGN (0x4)
 *(.fini)
 .fini          0x08008b68        0x4 c:/program files (x86)/codesourcery/sourcery g++ lite/bin/../lib/gcc/arm-none-eabi/4.4.1/thumb2/crti.o
                0x08008b68                _fini
 .fini          0x08008b6c        0x8 c:/program files (x86)/codesourcery/sourcery g++ lite/bin/../lib/gcc/arm-none-eabi/4.4.1/thumb2/crtn.o
                0x08008b74                . = ALIGN (0x4)
                0x08008b74                __fini_array_start = .
 *(.fini_array)
 .fini_array    0x08008b74        0x4 c:/program files (x86)/codesourcery/sourcery g++ lite/bin/../lib/gcc/arm-none-eabi/4.4.1/thumb2/crtbegin.o
 *(SORT(.fini_array.*))
                0x08008b78                __fini_array_end = .
 *crtbegin.o(.dtors)
 *(EXCLUDE_FILE(*crtend.o) .dtors)
 *(SORT(.dtors.*))
 *crtend.o(.dtors)
                0x08008b78                . = ALIGN (0x4)
                0x08008b78                __cs3_regions = .
                0x08008b78        0x4 LONG 0x0
                0x08008b7c        0x4 LONG 0x8008b98 __cs3_region_init_ram
                0x08008b80        0x4 LONG 0x20000000 __cs3_region_start_ram
                0x08008b84        0x4 LONG 0x580 __cs3_region_init_size_ram
                0x08008b88        0x4 LONG 0x168 __cs3_region_zero_size_ram
                0x08008b8c                __exidx_start = .

.v4_bx          0x20000000        0x0
 .v4_bx         0x00000000        0x0 linker stubs

.ARM.exidx      0x08008b8c        0x8
 *(.ARM.exidx* .gnu.linkonce.armexidx.*)
 .ARM.exidx     0x08008b8c        0x8 c:/program files (x86)/codesourcery/sourcery g++ lite/bin/../lib/gcc/arm-none-eabi/4.4.1/thumb2\libgcc.a(_divdi3.o)
 .ARM.exidx     0x08008b94        0x0 c:/program files (x86)/codesourcery/sourcery g++ lite/bin/../lib/gcc/arm-none-eabi/4.4.1/thumb2\libgcc.a(_udivdi3.o)
                                  0x8 (size before relaxing)
 .ARM.exidx     0x08008b94        0x0 c:/program files (x86)/codesourcery/sourcery g++ lite/bin/../lib/gcc/arm-none-eabi/4.4.1/../../../../arm-none-eabi/lib/thumb2\libcs3unhosted.a(unhosted-start.o)
                                  0x8 (size before relaxing)
                0x08008b94                __exidx_end = .

.text.align     0x08008b94        0x4
                0x08008b98                . = ALIGN (0x8)
 *fill*         0x08008b94        0x4 00
                0x08008b98                _etext = .
                0x08020000                __cs3_region_end_rom = (__cs3_region_start_rom + 0x20000)
                0x00020000                __cs3_region_size_rom = 0x20000
                0x00000001                __cs3_region_num = 0x1

.data           0x20000000      0x580 load address 0x08008b98
                0x20000000                __cs3_region_start_ram = .
 *(.cs3.region-head.ram)
 *(.jcr)
 .jcr           0x20000000        0x0 c:/program files (x86)/codesourcery/sourcery g++ lite/bin/../lib/gcc/arm-none-eabi/4.4.1/thumb2/crtbegin.o
 .jcr           0x20000000        0x4 c:/program files (x86)/codesourcery/sourcery g++ lite/bin/../lib/gcc/arm-none-eabi/4.4.1/thumb2/crtend.o
 *(.got.plt)
 *(.got)
 *(.shdata)
 *(.data .data.* .gnu.linkonce.d.*)
 .data          0x20000004        0x8 main.o
                0x20000004                VirtAddVarTab
 .data          0x2000000c       0x64 serial.o
                0x2000000c                NbrOfDataToRead
                0x20000010                TxBuffer
                0x2000006e                NbrOfDataToTransfer
 .data          0x20000070       0xf4 c:/program files (x86)/codesourcery/sourcery g++ lite/bin/../lib/gcc/arm-none-eabi/4.4.1/../../../../arm-none-eabi/lib/thumb2\libc.a(lib_a-impure.o)
                0x20000070                _impure_ptr
 .data          0x20000164      0x410 c:/program files (x86)/codesourcery/sourcery g++ lite/bin/../lib/gcc/arm-none-eabi/4.4.1/../../../../arm-none-eabi/lib/thumb2\libc.a(lib_a-mallocr.o)
                0x20000164                __malloc_av_
                0x2000056c                __malloc_sbrk_base
                0x20000570                __malloc_trim_threshold
 .data          0x20000574        0x4 c:/program files (x86)/codesourcery/sourcery g++ lite/bin/../lib/gcc/arm-none-eabi/4.4.1/../../../../arm-none-eabi/lib/thumb2\libcs3unhosted.a(unhosted-sbrk.o)
 .data          0x20000578        0x4 c:/program files (x86)/codesourcery/sourcery g++ lite/bin/../lib/gcc/arm-none-eabi/4.4.1/../../../../arm-none-eabi/lib/thumb2\libcs3.a(heap.o)
                0x20000578                __cs3_heap_limit
 *(.ram)
                0x20000580                . = ALIGN (0x8)
 *fill*         0x2000057c        0x4 00
                0x20000580                _edata = .

.bss            0x20000580      0x168 load address 0x08009118
 *(.shbss)
 *(.bss .bss.* .gnu.linkonce.b.*)
 .bss           0x20000580       0x1c c:/program files (x86)/codesourcery/sourcery g++ lite/bin/../lib/gcc/arm-none-eabi/4.4.1/thumb2/crtbegin.o
 .bss           0x2000059c        0x2 eeprom.o
                0x2000059c                DataVar
 .bss           0x2000059e        0x2 led.o
                0x2000059e                ledStatus
                0x2000059f                ledCount
 .bss           0x200005a0        0x4 serial.o
                0x200005a0                RxCounter
                0x200005a2                TxCounter
 .bss           0x200005a4        0x8 fwlib/libstm32fw.a(stm32f10x_rcc.o)
 .bss           0x200005ac       0x34 c:/program files (x86)/codesourcery/sourcery g++ lite/bin/../lib/gcc/arm-none-eabi/4.4.1/../../../../arm-none-eabi/lib/thumb2\libc.a(lib_a-mallocr.o)
                0x200005ac                __malloc_top_pad
                0x200005b0                __malloc_current_mallinfo
                0x200005d8                __malloc_max_sbrked_mem
                0x200005dc                __malloc_max_total_mem
 *(COMMON)
 COMMON         0x200005e0       0xff serial.o
                0x200005e0                RxBuffer
 *fill*         0x200006df        0x1 00
 COMMON         0x200006e0        0x4 c:/program files (x86)/codesourcery/sourcery g++ lite/bin/../lib/gcc/arm-none-eabi/4.4.1/../../../../arm-none-eabi/lib/thumb2\libc.a(lib_a-reent.o)
                0x200006e0                errno
 *(.ram.b)
                0x200006e8                . = ALIGN (0x8)
 *fill*         0x200006e4        0x4 00
                0x200006e8                _end = .
                0x200006e8                __end = .
                0x20005000                __cs3_region_end_ram = (__cs3_region_start_ram + 0x5000)
                0x00005000                __cs3_region_size_ram = 0x5000
                0x08008b98                __cs3_region_init_ram = LOADADDR (.data)
                0x00000580                __cs3_region_init_size_ram = (_edata - ADDR (.data))
                0x00000168                __cs3_region_zero_size_ram = (_end - _edata)
                0x00000001                __cs3_region_num = 0x1

.stab
 *(.stab)

.stabstr
 *(.stabstr)

.debug
 *(.debug)

.line
 *(.line)

.debug_srcinfo
 *(.debug_srcinfo)

.debug_sfnames
 *(.debug_sfnames)

.debug_aranges
 *(.debug_aranges)

.debug_pubnames
 *(.debug_pubnames)

.debug_info
 *(.debug_info .gnu.linkonce.wi.*)

.debug_abbrev
 *(.debug_abbrev)

.debug_line
 *(.debug_line)

.comment        0x00000000      0x222
 .comment       0x00000000       0x2a eeprom.o
 .comment       0x0000002a       0x2a initsystem.o
 .comment       0x00000054       0x2a led.o
 .comment       0x0000007e       0x2a main.o
 .comment       0x000000a8       0x2a serial.o
 .comment       0x000000d2       0x2a stm32exceptions.o
 .comment       0x000000fc       0x2a fwlib/libstm32fw.a(stm32f10x_adc.o)
 .comment       0x00000126       0x2a fwlib/libstm32fw.a(stm32f10x_flash.o)
 .comment       0x00000150       0x2a fwlib/libstm32fw.a(stm32f10x_gpio.o)
 .comment       0x0000017a       0x2a fwlib/libstm32fw.a(stm32f10x_nvic.o)
 .comment       0x000001a4       0x2a fwlib/libstm32fw.a(stm32f10x_rcc.o)
 .comment       0x000001ce       0x2a fwlib/libstm32fw.a(stm32f10x_tim.o)
 .comment       0x000001f8       0x2a fwlib/libstm32fw.a(stm32f10x_usart.o)

.debug_frame    0x00000000      0x984
 *(.debug_frame)
 .debug_frame   0x00000000       0x6c c:/program files (x86)/codesourcery/sourcery g++ lite/bin/../lib/gcc/arm-none-eabi/4.4.1/../../../../arm-none-eabi/lib/thumb2\libc.a(lib_a-sprintf.o)
 .debug_frame   0x0000006c       0x78 c:/program files (x86)/codesourcery/sourcery g++ lite/bin/../lib/gcc/arm-none-eabi/4.4.1/../../../../arm-none-eabi/lib/thumb2\libc.a(lib_a-svfprintf.o)
 .debug_frame   0x000000e4       0x78 c:/program files (x86)/codesourcery/sourcery g++ lite/bin/../lib/gcc/arm-none-eabi/4.4.1/../../../../arm-none-eabi/lib/thumb2\libc.a(lib_a-dtoa.o)
 .debug_frame   0x0000015c       0x60 c:/program files (x86)/codesourcery/sourcery g++ lite/bin/../lib/gcc/arm-none-eabi/4.4.1/../../../../arm-none-eabi/lib/thumb2\libc.a(lib_a-freer.o)
 .debug_frame   0x000001bc       0x7c c:/program files (x86)/codesourcery/sourcery g++ lite/bin/../lib/gcc/arm-none-eabi/4.4.1/../../../../arm-none-eabi/lib/thumb2\libc.a(lib_a-locale.o)
 .debug_frame   0x00000238       0x48 c:/program files (x86)/codesourcery/sourcery g++ lite/bin/../lib/gcc/arm-none-eabi/4.4.1/../../../../arm-none-eabi/lib/thumb2\libc.a(lib_a-malloc.o)
 .debug_frame   0x00000280       0x44 c:/program files (x86)/codesourcery/sourcery g++ lite/bin/../lib/gcc/arm-none-eabi/4.4.1/../../../../arm-none-eabi/lib/thumb2\libc.a(lib_a-mallocr.o)
 .debug_frame   0x000002c4       0x28 c:/program files (x86)/codesourcery/sourcery g++ lite/bin/../lib/gcc/arm-none-eabi/4.4.1/../../../../arm-none-eabi/lib/thumb2\libc.a(lib_a-memchr.o)
 .debug_frame   0x000002ec       0x38 c:/program files (x86)/codesourcery/sourcery g++ lite/bin/../lib/gcc/arm-none-eabi/4.4.1/../../../../arm-none-eabi/lib/thumb2\libc.a(lib_a-memcpy.o)
 .debug_frame   0x00000324       0x2c c:/program files (x86)/codesourcery/sourcery g++ lite/bin/../lib/gcc/arm-none-eabi/4.4.1/../../../../arm-none-eabi/lib/thumb2\libc.a(lib_a-memmove.o)
 .debug_frame   0x00000350       0x30 c:/program files (x86)/codesourcery/sourcery g++ lite/bin/../lib/gcc/arm-none-eabi/4.4.1/../../../../arm-none-eabi/lib/thumb2\libc.a(lib_a-mlock.o)
 .debug_frame   0x00000380      0x290 c:/program files (x86)/codesourcery/sourcery g++ lite/bin/../lib/gcc/arm-none-eabi/4.4.1/../../../../arm-none-eabi/lib/thumb2\libc.a(lib_a-mprec.o)
 .debug_frame   0x00000610       0x44 c:/program files (x86)/codesourcery/sourcery g++ lite/bin/../lib/gcc/arm-none-eabi/4.4.1/../../../../arm-none-eabi/lib/thumb2\libc.a(lib_a-reallocr.o)
 .debug_frame   0x00000654       0x20 c:/program files (x86)/codesourcery/sourcery g++ lite/bin/../lib/gcc/arm-none-eabi/4.4.1/../../../../arm-none-eabi/lib/thumb2\libc.a(lib_a-s_isinfd.o)
 .debug_frame   0x00000674       0x20 c:/program files (x86)/codesourcery/sourcery g++ lite/bin/../lib/gcc/arm-none-eabi/4.4.1/../../../../arm-none-eabi/lib/thumb2\libc.a(lib_a-s_isnand.o)
 .debug_frame   0x00000694       0x30 c:/program files (x86)/codesourcery/sourcery g++ lite/bin/../lib/gcc/arm-none-eabi/4.4.1/../../../../arm-none-eabi/lib/thumb2\libc.a(lib_a-sbrkr.o)
 .debug_frame   0x000006c4       0x30 c:/program files (x86)/codesourcery/sourcery g++ lite/bin/../lib/gcc/arm-none-eabi/4.4.1/../../../../arm-none-eabi/lib/thumb2\libc.a(lib_a-strcmp.o)
 .debug_frame   0x000006f4       0x20 c:/program files (x86)/codesourcery/sourcery g++ lite/bin/../lib/gcc/arm-none-eabi/4.4.1/../../../../arm-none-eabi/lib/thumb2\libc.a(lib_a-strlen.o)
 .debug_frame   0x00000714       0x30 c:/program files (x86)/codesourcery/sourcery g++ lite/bin/../lib/gcc/arm-none-eabi/4.4.1/../../../../arm-none-eabi/lib/thumb2\libc.a(lib_a-callocr.o)
 .debug_frame   0x00000744       0x2c c:/program files (x86)/codesourcery/sourcery g++ lite/bin/../lib/gcc/arm-none-eabi/4.4.1/../../../../arm-none-eabi/lib/thumb2\libc.a(lib_a-memset.o)
 .debug_frame   0x00000770       0x70 c:/program files (x86)/codesourcery/sourcery g++ lite/bin/../lib/gcc/arm-none-eabi/4.4.1/../../../../arm-none-eabi/lib/thumb2\libc.a(lib_a-reent.o)
 .debug_frame   0x000007e0       0x20 c:/program files (x86)/codesourcery/sourcery g++ lite/bin/../lib/gcc/arm-none-eabi/4.4.1/thumb2\libgcc.a(_udivsi3.o)
 .debug_frame   0x00000800       0x60 c:/program files (x86)/codesourcery/sourcery g++ lite/bin/../lib/gcc/arm-none-eabi/4.4.1/thumb2\libgcc.a(bpabi.o)
 .debug_frame   0x00000860       0x44 c:/program files (x86)/codesourcery/sourcery g++ lite/bin/../lib/gcc/arm-none-eabi/4.4.1/thumb2\libgcc.a(_divdi3.o)
 .debug_frame   0x000008a4       0x44 c:/program files (x86)/codesourcery/sourcery g++ lite/bin/../lib/gcc/arm-none-eabi/4.4.1/thumb2\libgcc.a(_udivdi3.o)
 .debug_frame   0x000008e8       0x20 c:/program files (x86)/codesourcery/sourcery g++ lite/bin/../lib/gcc/arm-none-eabi/4.4.1/../../../../arm-none-eabi/lib/thumb2\libcs3.a(start_c.o)
 .debug_frame   0x00000908       0x2c c:/program files (x86)/codesourcery/sourcery g++ lite/bin/../lib/gcc/arm-none-eabi/4.4.1/../../../../arm-none-eabi/lib/thumb2\libcs3unhosted.a(unhosted-sbrk.o)
 .debug_frame   0x00000934       0x20 c:/program files (x86)/codesourcery/sourcery g++ lite/bin/../lib/gcc/arm-none-eabi/4.4.1/../../../../arm-none-eabi/lib/thumb2\libc.a(lib_a-errno.o)
 .debug_frame   0x00000954       0x30 c:/program files (x86)/codesourcery/sourcery g++ lite/bin/../lib/gcc/arm-none-eabi/4.4.1/../../../../arm-none-eabi/lib/thumb2\libc.a(lib_a-init.o)

.debug_str
 *(.debug_str)

.debug_loc
 *(.debug_loc)

.debug_macinfo
 *(.debug_macinfo)

.debug_weaknames
 *(.debug_weaknames)

.debug_funcnames
 *(.debug_funcnames)

.debug_typenames
 *(.debug_typenames)

.debug_varnames
 *(.debug_varnames)

.note.gnu.arm.ident
 *(.note.gnu.arm.ident)

.ARM.attributes
                0x00000000       0x25
 *(.ARM.attributes)
 .ARM.attributes
                0x00000000       0x17 c:/program files (x86)/codesourcery/sourcery g++ lite/bin/../lib/gcc/arm-none-eabi/4.4.1/thumb2/crti.o
 .ARM.attributes
                0x00000017       0x27 c:/program files (x86)/codesourcery/sourcery g++ lite/bin/../lib/gcc/arm-none-eabi/4.4.1/thumb2/crtbegin.o
 .ARM.attributes
                0x0000003e       0x31 eeprom.o
 .ARM.attributes
                0x0000006f       0x31 initsystem.o
 .ARM.attributes
                0x000000a0       0x31 led.o
 .ARM.attributes
                0x000000d1       0x31 main.o
 .ARM.attributes
                0x00000102       0x31 serial.o
 .ARM.attributes
                0x00000133       0x31 stm32exceptions.o
 .ARM.attributes
                0x00000164       0x31 fwlib/libstm32fw.a(stm32f10x_adc.o)
 .ARM.attributes
                0x00000195       0x31 fwlib/libstm32fw.a(stm32f10x_flash.o)
 .ARM.attributes
                0x000001c6       0x31 fwlib/libstm32fw.a(stm32f10x_gpio.o)
 .ARM.attributes
                0x000001f7       0x31 fwlib/libstm32fw.a(stm32f10x_nvic.o)
 .ARM.attributes
                0x00000228       0x31 fwlib/libstm32fw.a(stm32f10x_rcc.o)
 .ARM.attributes
                0x00000259       0x31 fwlib/libstm32fw.a(stm32f10x_tim.o)
 .ARM.attributes
                0x0000028a       0x31 fwlib/libstm32fw.a(stm32f10x_usart.o)
 .ARM.attributes
                0x000002bb       0x21 fwlib/libstm32fw.a(cortexm3_macro.o)
 .ARM.attributes
                0x000002dc       0x27 c:/program files (x86)/codesourcery/sourcery g++ lite/bin/../lib/gcc/arm-none-eabi/4.4.1/../../../../arm-none-eabi/lib/thumb2\libc.a(lib_a-sprintf.o)
 .ARM.attributes
                0x00000303       0x27 c:/program files (x86)/codesourcery/sourcery g++ lite/bin/../lib/gcc/arm-none-eabi/4.4.1/../../../../arm-none-eabi/lib/thumb2\libc.a(lib_a-svfprintf.o)
 .ARM.attributes
                0x0000032a       0x27 c:/program files (x86)/codesourcery/sourcery g++ lite/bin/../lib/gcc/arm-none-eabi/4.4.1/../../../../arm-none-eabi/lib/thumb2\libc.a(lib_a-dtoa.o)
 .ARM.attributes
                0x00000351       0x27 c:/program files (x86)/codesourcery/sourcery g++ lite/bin/../lib/gcc/arm-none-eabi/4.4.1/../../../../arm-none-eabi/lib/thumb2\libc.a(lib_a-freer.o)
 .ARM.attributes
                0x00000378       0x27 c:/program files (x86)/codesourcery/sourcery g++ lite/bin/../lib/gcc/arm-none-eabi/4.4.1/../../../../arm-none-eabi/lib/thumb2\libc.a(lib_a-impure.o)
 .ARM.attributes
                0x0000039f       0x27 c:/program files (x86)/codesourcery/sourcery g++ lite/bin/../lib/gcc/arm-none-eabi/4.4.1/../../../../arm-none-eabi/lib/thumb2\libc.a(lib_a-locale.o)
 .ARM.attributes
                0x000003c6       0x27 c:/program files (x86)/codesourcery/sourcery g++ lite/bin/../lib/gcc/arm-none-eabi/4.4.1/../../../../arm-none-eabi/lib/thumb2\libc.a(lib_a-malloc.o)
 .ARM.attributes
                0x000003ed       0x27 c:/program files (x86)/codesourcery/sourcery g++ lite/bin/../lib/gcc/arm-none-eabi/4.4.1/../../../../arm-none-eabi/lib/thumb2\libc.a(lib_a-mallocr.o)
 .ARM.attributes
                0x00000414       0x27 c:/program files (x86)/codesourcery/sourcery g++ lite/bin/../lib/gcc/arm-none-eabi/4.4.1/../../../../arm-none-eabi/lib/thumb2\libc.a(lib_a-memchr.o)
 .ARM.attributes
                0x0000043b       0x27 c:/program files (x86)/codesourcery/sourcery g++ lite/bin/../lib/gcc/arm-none-eabi/4.4.1/../../../../arm-none-eabi/lib/thumb2\libc.a(lib_a-memcpy.o)
 .ARM.attributes
                0x00000462       0x27 c:/program files (x86)/codesourcery/sourcery g++ lite/bin/../lib/gcc/arm-none-eabi/4.4.1/../../../../arm-none-eabi/lib/thumb2\libc.a(lib_a-memmove.o)
 .ARM.attributes
                0x00000489       0x27 c:/program files (x86)/codesourcery/sourcery g++ lite/bin/../lib/gcc/arm-none-eabi/4.4.1/../../../../arm-none-eabi/lib/thumb2\libc.a(lib_a-mlock.o)
 .ARM.attributes
                0x000004b0       0x27 c:/program files (x86)/codesourcery/sourcery g++ lite/bin/../lib/gcc/arm-none-eabi/4.4.1/../../../../arm-none-eabi/lib/thumb2\libc.a(lib_a-mprec.o)
 .ARM.attributes
                0x000004d7       0x27 c:/program files (x86)/codesourcery/sourcery g++ lite/bin/../lib/gcc/arm-none-eabi/4.4.1/../../../../arm-none-eabi/lib/thumb2\libc.a(lib_a-reallocr.o)
 .ARM.attributes
                0x000004fe       0x27 c:/program files (x86)/codesourcery/sourcery g++ lite/bin/../lib/gcc/arm-none-eabi/4.4.1/../../../../arm-none-eabi/lib/thumb2\libc.a(lib_a-s_isinfd.o)
 .ARM.attributes
                0x00000525       0x27 c:/program files (x86)/codesourcery/sourcery g++ lite/bin/../lib/gcc/arm-none-eabi/4.4.1/../../../../arm-none-eabi/lib/thumb2\libc.a(lib_a-s_isnand.o)
 .ARM.attributes
                0x0000054c       0x27 c:/program files (x86)/codesourcery/sourcery g++ lite/bin/../lib/gcc/arm-none-eabi/4.4.1/../../../../arm-none-eabi/lib/thumb2\libc.a(lib_a-sbrkr.o)
 .ARM.attributes
                0x00000573       0x27 c:/program files (x86)/codesourcery/sourcery g++ lite/bin/../lib/gcc/arm-none-eabi/4.4.1/../../../../arm-none-eabi/lib/thumb2\libc.a(lib_a-strcmp.o)
 .ARM.attributes
                0x0000059a       0x27 c:/program files (x86)/codesourcery/sourcery g++ lite/bin/../lib/gcc/arm-none-eabi/4.4.1/../../../../arm-none-eabi/lib/thumb2\libc.a(lib_a-strlen.o)
 .ARM.attributes
                0x000005c1       0x27 c:/program files (x86)/codesourcery/sourcery g++ lite/bin/../lib/gcc/arm-none-eabi/4.4.1/../../../../arm-none-eabi/lib/thumb2\libc.a(lib_a-callocr.o)
 .ARM.attributes
                0x000005e8       0x27 c:/program files (x86)/codesourcery/sourcery g++ lite/bin/../lib/gcc/arm-none-eabi/4.4.1/../../../../arm-none-eabi/lib/thumb2\libc.a(lib_a-memset.o)
 .ARM.attributes
                0x0000060f       0x27 c:/program files (x86)/codesourcery/sourcery g++ lite/bin/../lib/gcc/arm-none-eabi/4.4.1/../../../../arm-none-eabi/lib/thumb2\libc.a(lib_a-reent.o)
 .ARM.attributes
                0x00000636       0x19 c:/program files (x86)/codesourcery/sourcery g++ lite/bin/../lib/gcc/arm-none-eabi/4.4.1/thumb2\libgcc.a(_udivsi3.o)
 .ARM.attributes
                0x0000064f       0x19 c:/program files (x86)/codesourcery/sourcery g++ lite/bin/../lib/gcc/arm-none-eabi/4.4.1/thumb2\libgcc.a(_dvmd_tls.o)
 .ARM.attributes
                0x00000668       0x19 c:/program files (x86)/codesourcery/sourcery g++ lite/bin/../lib/gcc/arm-none-eabi/4.4.1/thumb2\libgcc.a(_arm_addsubdf3.o)
 .ARM.attributes
                0x00000681       0x19 c:/program files (x86)/codesourcery/sourcery g++ lite/bin/../lib/gcc/arm-none-eabi/4.4.1/thumb2\libgcc.a(_arm_muldivdf3.o)
 .ARM.attributes
                0x0000069a       0x19 c:/program files (x86)/codesourcery/sourcery g++ lite/bin/../lib/gcc/arm-none-eabi/4.4.1/thumb2\libgcc.a(_arm_cmpdf2.o)
 .ARM.attributes
                0x000006b3       0x19 c:/program files (x86)/codesourcery/sourcery g++ lite/bin/../lib/gcc/arm-none-eabi/4.4.1/thumb2\libgcc.a(_arm_fixdfsi.o)
 .ARM.attributes
                0x000006cc       0x19 c:/program files (x86)/codesourcery/sourcery g++ lite/bin/../lib/gcc/arm-none-eabi/4.4.1/thumb2\libgcc.a(_aeabi_uldivmod.o)
 .ARM.attributes
                0x000006e5       0x27 c:/program files (x86)/codesourcery/sourcery g++ lite/bin/../lib/gcc/arm-none-eabi/4.4.1/thumb2\libgcc.a(bpabi.o)
 .ARM.attributes
                0x0000070c       0x27 c:/program files (x86)/codesourcery/sourcery g++ lite/bin/../lib/gcc/arm-none-eabi/4.4.1/thumb2\libgcc.a(_divdi3.o)
 .ARM.attributes
                0x00000733       0x27 c:/program files (x86)/codesourcery/sourcery g++ lite/bin/../lib/gcc/arm-none-eabi/4.4.1/thumb2\libgcc.a(_udivdi3.o)
 .ARM.attributes
                0x0000075a       0x27 c:/program files (x86)/codesourcery/sourcery g++ lite/bin/../lib/gcc/arm-none-eabi/4.4.1/thumb2/crtend.o
 .ARM.attributes
                0x00000781       0x17 c:/program files (x86)/codesourcery/sourcery g++ lite/bin/../lib/gcc/arm-none-eabi/4.4.1/thumb2/crtn.o
 .ARM.attributes
                0x00000798       0x27 c:/program files (x86)/codesourcery/sourcery g++ lite/bin/../lib/gcc/arm-none-eabi/4.4.1/../../../../arm-none-eabi/lib/thumb2\libcs3.a(start_c.o)
 .ARM.attributes
                0x000007bf       0x27 c:/program files (x86)/codesourcery/sourcery g++ lite/bin/../lib/gcc/arm-none-eabi/4.4.1/../../../../arm-none-eabi/lib/thumb2\libcs3unhosted.a(unhosted-sbrk.o)
 .ARM.attributes
                0x000007e6       0x17 c:/program files (x86)/codesourcery/sourcery g++ lite/bin/../lib/gcc/arm-none-eabi/4.4.1/../../../../arm-none-eabi/lib/thumb2\libcs3unhosted.a(unhosted-start.o)
 .ARM.attributes
                0x000007fd       0x1f lanchon-stm32\libcs3-lanchon-stm32.a(lanchon-stm32-vector.o)
 .ARM.attributes
                0x0000081c       0x21 lanchon-stm32\libcs3-lanchon-stm32.a(lanchon_stm32_isr_interrupt.o)
 .ARM.attributes
                0x0000083d       0x27 c:/program files (x86)/codesourcery/sourcery g++ lite/bin/../lib/gcc/arm-none-eabi/4.4.1/../../../../arm-none-eabi/lib/thumb2\libc.a(lib_a-errno.o)
 .ARM.attributes
                0x00000864       0x27 c:/program files (x86)/codesourcery/sourcery g++ lite/bin/../lib/gcc/arm-none-eabi/4.4.1/../../../../arm-none-eabi/lib/thumb2\libc.a(lib_a-init.o)
 .ARM.attributes
                0x0000088b       0x27 c:/program files (x86)/codesourcery/sourcery g++ lite/bin/../lib/gcc/arm-none-eabi/4.4.1/../../../../arm-none-eabi/lib/thumb2\libcs3.a(heap.o)

/DISCARD/
 *(.note.GNU-stack)
OUTPUT(main.elf elf32-littlearm)

Cross Reference Table

Symbol                                            File
ADC_AnalogWatchdogCmd                             fwlib/libstm32fw.a(stm32f10x_adc.o)
ADC_AnalogWatchdogSingleChannelConfig             fwlib/libstm32fw.a(stm32f10x_adc.o)
ADC_AnalogWatchdogThresholdsConfig                fwlib/libstm32fw.a(stm32f10x_adc.o)
ADC_AutoInjectedConvCmd                           fwlib/libstm32fw.a(stm32f10x_adc.o)
ADC_ClearFlag                                     fwlib/libstm32fw.a(stm32f10x_adc.o)
ADC_ClearITPendingBit                             fwlib/libstm32fw.a(stm32f10x_adc.o)
ADC_Cmd                                           fwlib/libstm32fw.a(stm32f10x_adc.o)
                                                  main.o
ADC_DMACmd                                        fwlib/libstm32fw.a(stm32f10x_adc.o)
ADC_DeInit                                        fwlib/libstm32fw.a(stm32f10x_adc.o)
                                                  main.o
ADC_DiscModeChannelCountConfig                    fwlib/libstm32fw.a(stm32f10x_adc.o)
ADC_DiscModeCmd                                   fwlib/libstm32fw.a(stm32f10x_adc.o)
ADC_ExternalTrigConvCmd                           fwlib/libstm32fw.a(stm32f10x_adc.o)
ADC_ExternalTrigInjectedConvCmd                   fwlib/libstm32fw.a(stm32f10x_adc.o)
ADC_ExternalTrigInjectedConvConfig                fwlib/libstm32fw.a(stm32f10x_adc.o)
ADC_GetCalibrationStatus                          fwlib/libstm32fw.a(stm32f10x_adc.o)
                                                  main.o
ADC_GetConversionValue                            fwlib/libstm32fw.a(stm32f10x_adc.o)
                                                  main.o
ADC_GetDualModeConversionValue                    fwlib/libstm32fw.a(stm32f10x_adc.o)
ADC_GetFlagStatus                                 fwlib/libstm32fw.a(stm32f10x_adc.o)
                                                  main.o
ADC_GetITStatus                                   fwlib/libstm32fw.a(stm32f10x_adc.o)
ADC_GetInjectedConversionValue                    fwlib/libstm32fw.a(stm32f10x_adc.o)
ADC_GetResetCalibrationStatus                     fwlib/libstm32fw.a(stm32f10x_adc.o)
                                                  main.o
ADC_GetSoftwareStartConvStatus                    fwlib/libstm32fw.a(stm32f10x_adc.o)
ADC_GetSoftwareStartInjectedConvCmdStatus         fwlib/libstm32fw.a(stm32f10x_adc.o)
ADC_IRQHandler                                    lanchon-stm32\libcs3-lanchon-stm32.a(lanchon_stm32_isr_interrupt.o)
                                                  lanchon-stm32\libcs3-lanchon-stm32.a(lanchon-stm32-vector.o)
ADC_ITConfig                                      fwlib/libstm32fw.a(stm32f10x_adc.o)
ADC_Init                                          fwlib/libstm32fw.a(stm32f10x_adc.o)
                                                  main.o
ADC_InjectedChannelConfig                         fwlib/libstm32fw.a(stm32f10x_adc.o)
ADC_InjectedDiscModeCmd                           fwlib/libstm32fw.a(stm32f10x_adc.o)
ADC_InjectedSequencerLengthConfig                 fwlib/libstm32fw.a(stm32f10x_adc.o)
ADC_RegularChannelConfig                          fwlib/libstm32fw.a(stm32f10x_adc.o)
                                                  main.o
ADC_ResetCalibration                              fwlib/libstm32fw.a(stm32f10x_adc.o)
                                                  main.o
ADC_SetInjectedOffset                             fwlib/libstm32fw.a(stm32f10x_adc.o)
ADC_SoftwareStartConvCmd                          fwlib/libstm32fw.a(stm32f10x_adc.o)
                                                  main.o
ADC_SoftwareStartInjectedConvCmd                  fwlib/libstm32fw.a(stm32f10x_adc.o)
ADC_StartCalibration                              fwlib/libstm32fw.a(stm32f10x_adc.o)
                                                  main.o
ADC_StructInit                                    fwlib/libstm32fw.a(stm32f10x_adc.o)
ADC_TempSensorVrefintCmd                          fwlib/libstm32fw.a(stm32f10x_adc.o)
BusFaultException                                 lanchon-stm32\libcs3-lanchon-stm32.a(lanchon_stm32_isr_interrupt.o)
                                                  lanchon-stm32\libcs3-lanchon-stm32.a(lanchon-stm32-vector.o)
CAN_RX1_IRQHandler                                lanchon-stm32\libcs3-lanchon-stm32.a(lanchon_stm32_isr_interrupt.o)
                                                  lanchon-stm32\libcs3-lanchon-stm32.a(lanchon-stm32-vector.o)
CAN_SCE_IRQHandler                                lanchon-stm32\libcs3-lanchon-stm32.a(lanchon_stm32_isr_interrupt.o)
                                                  lanchon-stm32\libcs3-lanchon-stm32.a(lanchon-stm32-vector.o)
DMAChannel1_IRQHandler                            lanchon-stm32\libcs3-lanchon-stm32.a(lanchon_stm32_isr_interrupt.o)
                                                  lanchon-stm32\libcs3-lanchon-stm32.a(lanchon-stm32-vector.o)
DMAChannel2_IRQHandler                            lanchon-stm32\libcs3-lanchon-stm32.a(lanchon_stm32_isr_interrupt.o)
                                                  lanchon-stm32\libcs3-lanchon-stm32.a(lanchon-stm32-vector.o)
DMAChannel3_IRQHandler                            lanchon-stm32\libcs3-lanchon-stm32.a(lanchon_stm32_isr_interrupt.o)
                                                  lanchon-stm32\libcs3-lanchon-stm32.a(lanchon-stm32-vector.o)
DMAChannel4_IRQHandler                            lanchon-stm32\libcs3-lanchon-stm32.a(lanchon_stm32_isr_interrupt.o)
                                                  lanchon-stm32\libcs3-lanchon-stm32.a(lanchon-stm32-vector.o)
DMAChannel5_IRQHandler                            lanchon-stm32\libcs3-lanchon-stm32.a(lanchon_stm32_isr_interrupt.o)
                                                  lanchon-stm32\libcs3-lanchon-stm32.a(lanchon-stm32-vector.o)
DMAChannel6_IRQHandler                            lanchon-stm32\libcs3-lanchon-stm32.a(lanchon_stm32_isr_interrupt.o)
                                                  lanchon-stm32\libcs3-lanchon-stm32.a(lanchon-stm32-vector.o)
DMAChannel7_IRQHandler                            lanchon-stm32\libcs3-lanchon-stm32.a(lanchon_stm32_isr_interrupt.o)
                                                  lanchon-stm32\libcs3-lanchon-stm32.a(lanchon-stm32-vector.o)
DataVar                                           eeprom.o
DebugMonitor                                      lanchon-stm32\libcs3-lanchon-stm32.a(lanchon_stm32_isr_interrupt.o)
                                                  lanchon-stm32\libcs3-lanchon-stm32.a(lanchon-stm32-vector.o)
EE_Init                                           eeprom.o
                                                  main.o
EE_ReadVariable                                   eeprom.o
                                                  main.o
EE_WriteVariable                                  eeprom.o
                                                  main.o
EXTI0_IRQHandler                                  lanchon-stm32\libcs3-lanchon-stm32.a(lanchon_stm32_isr_interrupt.o)
                                                  lanchon-stm32\libcs3-lanchon-stm32.a(lanchon-stm32-vector.o)
EXTI15_10_IRQHandler                              lanchon-stm32\libcs3-lanchon-stm32.a(lanchon_stm32_isr_interrupt.o)
                                                  lanchon-stm32\libcs3-lanchon-stm32.a(lanchon-stm32-vector.o)
EXTI1_IRQHandler                                  lanchon-stm32\libcs3-lanchon-stm32.a(lanchon_stm32_isr_interrupt.o)
                                                  lanchon-stm32\libcs3-lanchon-stm32.a(lanchon-stm32-vector.o)
EXTI2_IRQHandler                                  lanchon-stm32\libcs3-lanchon-stm32.a(lanchon_stm32_isr_interrupt.o)
                                                  lanchon-stm32\libcs3-lanchon-stm32.a(lanchon-stm32-vector.o)
EXTI3_IRQHandler                                  lanchon-stm32\libcs3-lanchon-stm32.a(lanchon_stm32_isr_interrupt.o)
                                                  lanchon-stm32\libcs3-lanchon-stm32.a(lanchon-stm32-vector.o)
EXTI4_IRQHandler                                  lanchon-stm32\libcs3-lanchon-stm32.a(lanchon_stm32_isr_interrupt.o)
                                                  lanchon-stm32\libcs3-lanchon-stm32.a(lanchon-stm32-vector.o)
EXTI9_5_IRQHandler                                lanchon-stm32\libcs3-lanchon-stm32.a(lanchon_stm32_isr_interrupt.o)
                                                  lanchon-stm32\libcs3-lanchon-stm32.a(lanchon-stm32-vector.o)
FLASH_ClearFlag                                   fwlib/libstm32fw.a(stm32f10x_flash.o)
FLASH_EnableWriteProtection                       fwlib/libstm32fw.a(stm32f10x_flash.o)
FLASH_EraseAllPages                               fwlib/libstm32fw.a(stm32f10x_flash.o)
FLASH_EraseOptionBytes                            fwlib/libstm32fw.a(stm32f10x_flash.o)
FLASH_ErasePage                                   fwlib/libstm32fw.a(stm32f10x_flash.o)
                                                  eeprom.o
FLASH_GetFlagStatus                               fwlib/libstm32fw.a(stm32f10x_flash.o)
FLASH_GetPrefetchBufferStatus                     fwlib/libstm32fw.a(stm32f10x_flash.o)
FLASH_GetReadOutProtectionStatus                  fwlib/libstm32fw.a(stm32f10x_flash.o)
FLASH_GetStatus                                   fwlib/libstm32fw.a(stm32f10x_flash.o)
FLASH_GetUserOptionByte                           fwlib/libstm32fw.a(stm32f10x_flash.o)
FLASH_GetWriteProtectionOptionByte                fwlib/libstm32fw.a(stm32f10x_flash.o)
FLASH_HalfCycleAccessCmd                          fwlib/libstm32fw.a(stm32f10x_flash.o)
FLASH_IRQHandler                                  lanchon-stm32\libcs3-lanchon-stm32.a(lanchon_stm32_isr_interrupt.o)
                                                  lanchon-stm32\libcs3-lanchon-stm32.a(lanchon-stm32-vector.o)
FLASH_ITConfig                                    fwlib/libstm32fw.a(stm32f10x_flash.o)
FLASH_Lock                                        fwlib/libstm32fw.a(stm32f10x_flash.o)
FLASH_PrefetchBufferCmd                           fwlib/libstm32fw.a(stm32f10x_flash.o)
                                                  initsystem.o
FLASH_ProgramHalfWord                             fwlib/libstm32fw.a(stm32f10x_flash.o)
                                                  eeprom.o
FLASH_ProgramOptionByteData                       fwlib/libstm32fw.a(stm32f10x_flash.o)
FLASH_ProgramWord                                 fwlib/libstm32fw.a(stm32f10x_flash.o)
FLASH_ReadOutProtection                           fwlib/libstm32fw.a(stm32f10x_flash.o)
FLASH_SetLatency                                  fwlib/libstm32fw.a(stm32f10x_flash.o)
                                                  initsystem.o
FLASH_Unlock                                      fwlib/libstm32fw.a(stm32f10x_flash.o)
                                                  main.o
FLASH_UserOptionByteConfig                        fwlib/libstm32fw.a(stm32f10x_flash.o)
FLASH_WaitForLastOperation                        fwlib/libstm32fw.a(stm32f10x_flash.o)
GPIO_AFIODeInit                                   fwlib/libstm32fw.a(stm32f10x_gpio.o)
GPIO_Configuration                                initsystem.o
GPIO_DeInit                                       fwlib/libstm32fw.a(stm32f10x_gpio.o)
GPIO_EXTILineConfig                               fwlib/libstm32fw.a(stm32f10x_gpio.o)
GPIO_EventOutputCmd                               fwlib/libstm32fw.a(stm32f10x_gpio.o)
GPIO_EventOutputConfig                            fwlib/libstm32fw.a(stm32f10x_gpio.o)
GPIO_Init                                         fwlib/libstm32fw.a(stm32f10x_gpio.o)
                                                  initsystem.o
GPIO_PinLockConfig                                fwlib/libstm32fw.a(stm32f10x_gpio.o)
GPIO_PinRemapConfig                               fwlib/libstm32fw.a(stm32f10x_gpio.o)
GPIO_ReadInputData                                fwlib/libstm32fw.a(stm32f10x_gpio.o)
GPIO_ReadInputDataBit                             fwlib/libstm32fw.a(stm32f10x_gpio.o)
GPIO_ReadOutputData                               fwlib/libstm32fw.a(stm32f10x_gpio.o)
GPIO_ReadOutputDataBit                            fwlib/libstm32fw.a(stm32f10x_gpio.o)
GPIO_ResetBits                                    fwlib/libstm32fw.a(stm32f10x_gpio.o)
GPIO_SetBits                                      fwlib/libstm32fw.a(stm32f10x_gpio.o)
GPIO_StructInit                                   fwlib/libstm32fw.a(stm32f10x_gpio.o)
GPIO_Write                                        fwlib/libstm32fw.a(stm32f10x_gpio.o)
GPIO_WriteBit                                     fwlib/libstm32fw.a(stm32f10x_gpio.o)
HardFaultException                                lanchon-stm32\libcs3-lanchon-stm32.a(lanchon_stm32_isr_interrupt.o)
                                                  lanchon-stm32\libcs3-lanchon-stm32.a(lanchon-stm32-vector.o)
I2C1_ER_IRQHandler                                lanchon-stm32\libcs3-lanchon-stm32.a(lanchon_stm32_isr_interrupt.o)
                                                  lanchon-stm32\libcs3-lanchon-stm32.a(lanchon-stm32-vector.o)
I2C1_EV_IRQHandler                                lanchon-stm32\libcs3-lanchon-stm32.a(lanchon_stm32_isr_interrupt.o)
                                                  lanchon-stm32\libcs3-lanchon-stm32.a(lanchon-stm32-vector.o)
I2C2_ER_IRQHandler                                lanchon-stm32\libcs3-lanchon-stm32.a(lanchon_stm32_isr_interrupt.o)
                                                  lanchon-stm32\libcs3-lanchon-stm32.a(lanchon-stm32-vector.o)
I2C2_EV_IRQHandler                                lanchon-stm32\libcs3-lanchon-stm32.a(lanchon_stm32_isr_interrupt.o)
                                                  lanchon-stm32\libcs3-lanchon-stm32.a(lanchon-stm32-vector.o)
MemManageException                                lanchon-stm32\libcs3-lanchon-stm32.a(lanchon_stm32_isr_interrupt.o)
                                                  lanchon-stm32\libcs3-lanchon-stm32.a(lanchon-stm32-vector.o)
NMIException                                      lanchon-stm32\libcs3-lanchon-stm32.a(lanchon_stm32_isr_interrupt.o)
                                                  lanchon-stm32\libcs3-lanchon-stm32.a(lanchon-stm32-vector.o)
NVIC_BASEPRICONFIG                                fwlib/libstm32fw.a(stm32f10x_nvic.o)
NVIC_ClearIRQChannelPendingBit                    fwlib/libstm32fw.a(stm32f10x_nvic.o)
NVIC_ClearSystemHandlerPendingBit                 fwlib/libstm32fw.a(stm32f10x_nvic.o)
NVIC_Configuration                                initsystem.o
NVIC_DeInit                                       fwlib/libstm32fw.a(stm32f10x_nvic.o)
NVIC_GenerateCoreReset                            fwlib/libstm32fw.a(stm32f10x_nvic.o)
NVIC_GenerateSystemReset                          fwlib/libstm32fw.a(stm32f10x_nvic.o)
NVIC_GetBASEPRI                                   fwlib/libstm32fw.a(stm32f10x_nvic.o)
NVIC_GetCPUID                                     fwlib/libstm32fw.a(stm32f10x_nvic.o)
NVIC_GetCurrentActiveHandler                      fwlib/libstm32fw.a(stm32f10x_nvic.o)
NVIC_GetCurrentPendingIRQChannel                  fwlib/libstm32fw.a(stm32f10x_nvic.o)
NVIC_GetFaultAddress                              fwlib/libstm32fw.a(stm32f10x_nvic.o)
NVIC_GetFaultHandlerSources                       fwlib/libstm32fw.a(stm32f10x_nvic.o)
NVIC_GetIRQChannelActiveBitStatus                 fwlib/libstm32fw.a(stm32f10x_nvic.o)
NVIC_GetIRQChannelPendingBitStatus                fwlib/libstm32fw.a(stm32f10x_nvic.o)
NVIC_GetSystemHandlerActiveBitStatus              fwlib/libstm32fw.a(stm32f10x_nvic.o)
NVIC_GetSystemHandlerPendingBitStatus             fwlib/libstm32fw.a(stm32f10x_nvic.o)
NVIC_Init                                         fwlib/libstm32fw.a(stm32f10x_nvic.o)
                                                  initsystem.o
NVIC_PriorityGroupConfig                          fwlib/libstm32fw.a(stm32f10x_nvic.o)
                                                  initsystem.o
NVIC_RESETFAULTMASK                               fwlib/libstm32fw.a(stm32f10x_nvic.o)
NVIC_RESETPRIMASK                                 fwlib/libstm32fw.a(stm32f10x_nvic.o)
NVIC_SCBDeInit                                    fwlib/libstm32fw.a(stm32f10x_nvic.o)
NVIC_SETFAULTMASK                                 fwlib/libstm32fw.a(stm32f10x_nvic.o)
NVIC_SETPRIMASK                                   fwlib/libstm32fw.a(stm32f10x_nvic.o)
NVIC_SetIRQChannelPendingBit                      fwlib/libstm32fw.a(stm32f10x_nvic.o)
NVIC_SetSystemHandlerPendingBit                   fwlib/libstm32fw.a(stm32f10x_nvic.o)
NVIC_SetVectorTable                               fwlib/libstm32fw.a(stm32f10x_nvic.o)
NVIC_StructInit                                   fwlib/libstm32fw.a(stm32f10x_nvic.o)
NVIC_SystemHandlerConfig                          fwlib/libstm32fw.a(stm32f10x_nvic.o)
NVIC_SystemHandlerPriorityConfig                  fwlib/libstm32fw.a(stm32f10x_nvic.o)
NVIC_SystemLPConfig                               fwlib/libstm32fw.a(stm32f10x_nvic.o)
NbrOfDataToRead                                   serial.o
NbrOfDataToTransfer                               serial.o
PVD_IRQHandler                                    lanchon-stm32\libcs3-lanchon-stm32.a(lanchon_stm32_isr_interrupt.o)
                                                  lanchon-stm32\libcs3-lanchon-stm32.a(lanchon-stm32-vector.o)
PendSVC                                           lanchon-stm32\libcs3-lanchon-stm32.a(lanchon_stm32_isr_interrupt.o)
                                                  lanchon-stm32\libcs3-lanchon-stm32.a(lanchon-stm32-vector.o)
RCC_ADCCLKConfig                                  fwlib/libstm32fw.a(stm32f10x_rcc.o)
                                                  main.o
RCC_AHBPeriphClockCmd                             fwlib/libstm32fw.a(stm32f10x_rcc.o)
RCC_APB1PeriphClockCmd                            fwlib/libstm32fw.a(stm32f10x_rcc.o)
                                                  initsystem.o
RCC_APB1PeriphResetCmd                            fwlib/libstm32fw.a(stm32f10x_rcc.o)
                                                  fwlib/libstm32fw.a(stm32f10x_usart.o)
                                                  fwlib/libstm32fw.a(stm32f10x_tim.o)
RCC_APB2PeriphClockCmd                            fwlib/libstm32fw.a(stm32f10x_rcc.o)
                                                  initsystem.o
RCC_APB2PeriphResetCmd                            fwlib/libstm32fw.a(stm32f10x_rcc.o)
                                                  fwlib/libstm32fw.a(stm32f10x_usart.o)
                                                  fwlib/libstm32fw.a(stm32f10x_gpio.o)
                                                  fwlib/libstm32fw.a(stm32f10x_adc.o)
RCC_AdjustHSICalibrationValue                     fwlib/libstm32fw.a(stm32f10x_rcc.o)
RCC_BackupResetCmd                                fwlib/libstm32fw.a(stm32f10x_rcc.o)
RCC_ClearFlag                                     fwlib/libstm32fw.a(stm32f10x_rcc.o)
RCC_ClearITPendingBit                             fwlib/libstm32fw.a(stm32f10x_rcc.o)
RCC_ClockSecuritySystemCmd                        fwlib/libstm32fw.a(stm32f10x_rcc.o)
RCC_Configuration                                 initsystem.o
RCC_DeInit                                        fwlib/libstm32fw.a(stm32f10x_rcc.o)
RCC_GetClocksFreq                                 fwlib/libstm32fw.a(stm32f10x_rcc.o)
                                                  fwlib/libstm32fw.a(stm32f10x_usart.o)
RCC_GetFlagStatus                                 fwlib/libstm32fw.a(stm32f10x_rcc.o)
                                                  initsystem.o
RCC_GetITStatus                                   fwlib/libstm32fw.a(stm32f10x_rcc.o)
RCC_GetSYSCLKSource                               fwlib/libstm32fw.a(stm32f10x_rcc.o)
                                                  initsystem.o
RCC_HCLKConfig                                    fwlib/libstm32fw.a(stm32f10x_rcc.o)
                                                  initsystem.o
RCC_HSEConfig                                     fwlib/libstm32fw.a(stm32f10x_rcc.o)
                                                  initsystem.o
RCC_HSICmd                                        fwlib/libstm32fw.a(stm32f10x_rcc.o)
RCC_IRQHandler                                    lanchon-stm32\libcs3-lanchon-stm32.a(lanchon_stm32_isr_interrupt.o)
                                                  lanchon-stm32\libcs3-lanchon-stm32.a(lanchon-stm32-vector.o)
RCC_ITConfig                                      fwlib/libstm32fw.a(stm32f10x_rcc.o)
RCC_LSEConfig                                     fwlib/libstm32fw.a(stm32f10x_rcc.o)
RCC_LSICmd                                        fwlib/libstm32fw.a(stm32f10x_rcc.o)
RCC_MCOConfig                                     fwlib/libstm32fw.a(stm32f10x_rcc.o)
RCC_PCLK1Config                                   fwlib/libstm32fw.a(stm32f10x_rcc.o)
                                                  initsystem.o
RCC_PCLK2Config                                   fwlib/libstm32fw.a(stm32f10x_rcc.o)
                                                  initsystem.o
RCC_PLLCmd                                        fwlib/libstm32fw.a(stm32f10x_rcc.o)
                                                  initsystem.o
RCC_PLLConfig                                     fwlib/libstm32fw.a(stm32f10x_rcc.o)
                                                  initsystem.o
RCC_RTCCLKCmd                                     fwlib/libstm32fw.a(stm32f10x_rcc.o)
RCC_RTCCLKConfig                                  fwlib/libstm32fw.a(stm32f10x_rcc.o)
RCC_SYSCLKConfig                                  fwlib/libstm32fw.a(stm32f10x_rcc.o)
                                                  initsystem.o
RCC_USBCLKConfig                                  fwlib/libstm32fw.a(stm32f10x_rcc.o)
RCC_WaitForHSEStartUp                             fwlib/libstm32fw.a(stm32f10x_rcc.o)
                                                  initsystem.o
RTCAlarm_IRQHandler                               lanchon-stm32\libcs3-lanchon-stm32.a(lanchon_stm32_isr_interrupt.o)
                                                  lanchon-stm32\libcs3-lanchon-stm32.a(lanchon-stm32-vector.o)
RTC_IRQHandler                                    lanchon-stm32\libcs3-lanchon-stm32.a(lanchon_stm32_isr_interrupt.o)
                                                  lanchon-stm32\libcs3-lanchon-stm32.a(lanchon-stm32-vector.o)
RxBuffer                                          serial.o
RxCounter                                         serial.o
SPI1_IRQHandler                                   lanchon-stm32\libcs3-lanchon-stm32.a(lanchon_stm32_isr_interrupt.o)
                                                  lanchon-stm32\libcs3-lanchon-stm32.a(lanchon-stm32-vector.o)
SPI2_IRQHandler                                   lanchon-stm32\libcs3-lanchon-stm32.a(lanchon_stm32_isr_interrupt.o)
                                                  lanchon-stm32\libcs3-lanchon-stm32.a(lanchon-stm32-vector.o)
SVCHandler                                        lanchon-stm32\libcs3-lanchon-stm32.a(lanchon_stm32_isr_interrupt.o)
                                                  lanchon-stm32\libcs3-lanchon-stm32.a(lanchon-stm32-vector.o)
SysTickHandler                                    lanchon-stm32\libcs3-lanchon-stm32.a(lanchon_stm32_isr_interrupt.o)
                                                  lanchon-stm32\libcs3-lanchon-stm32.a(lanchon-stm32-vector.o)
TAMPER_IRQHandler                                 lanchon-stm32\libcs3-lanchon-stm32.a(lanchon_stm32_isr_interrupt.o)
                                                  lanchon-stm32\libcs3-lanchon-stm32.a(lanchon-stm32-vector.o)
TIM1_BRK_IRQHandler                               lanchon-stm32\libcs3-lanchon-stm32.a(lanchon_stm32_isr_interrupt.o)
                                                  lanchon-stm32\libcs3-lanchon-stm32.a(lanchon-stm32-vector.o)
TIM1_CC_IRQHandler                                lanchon-stm32\libcs3-lanchon-stm32.a(lanchon_stm32_isr_interrupt.o)
                                                  lanchon-stm32\libcs3-lanchon-stm32.a(lanchon-stm32-vector.o)
TIM1_TRG_COM_IRQHandler                           lanchon-stm32\libcs3-lanchon-stm32.a(lanchon_stm32_isr_interrupt.o)
                                                  lanchon-stm32\libcs3-lanchon-stm32.a(lanchon-stm32-vector.o)
TIM1_UP_IRQHandler                                lanchon-stm32\libcs3-lanchon-stm32.a(lanchon_stm32_isr_interrupt.o)
                                                  lanchon-stm32\libcs3-lanchon-stm32.a(lanchon-stm32-vector.o)
TIM2_IRQHandler                                   led.o
                                                  lanchon-stm32\libcs3-lanchon-stm32.a(lanchon-stm32-vector.o)
TIM3_IRQHandler                                   lanchon-stm32\libcs3-lanchon-stm32.a(lanchon_stm32_isr_interrupt.o)
                                                  lanchon-stm32\libcs3-lanchon-stm32.a(lanchon-stm32-vector.o)
TIM4_IRQHandler                                   lanchon-stm32\libcs3-lanchon-stm32.a(lanchon_stm32_isr_interrupt.o)
                                                  lanchon-stm32\libcs3-lanchon-stm32.a(lanchon-stm32-vector.o)
TIM_ARRPreloadConfig                              fwlib/libstm32fw.a(stm32f10x_tim.o)
TIM_ClearFlag                                     fwlib/libstm32fw.a(stm32f10x_tim.o)
                                                  initsystem.o
TIM_ClearITPendingBit                             fwlib/libstm32fw.a(stm32f10x_tim.o)
                                                  led.o
TIM_ClearOC1Ref                                   fwlib/libstm32fw.a(stm32f10x_tim.o)
TIM_ClearOC2Ref                                   fwlib/libstm32fw.a(stm32f10x_tim.o)
TIM_ClearOC3Ref                                   fwlib/libstm32fw.a(stm32f10x_tim.o)
TIM_ClearOC4Ref                                   fwlib/libstm32fw.a(stm32f10x_tim.o)
TIM_Cmd                                           fwlib/libstm32fw.a(stm32f10x_tim.o)
                                                  initsystem.o
TIM_Configuration                                 initsystem.o
TIM_CounterModeConfig                             fwlib/libstm32fw.a(stm32f10x_tim.o)
TIM_DMACmd                                        fwlib/libstm32fw.a(stm32f10x_tim.o)
TIM_DMAConfig                                     fwlib/libstm32fw.a(stm32f10x_tim.o)
TIM_DeInit                                        fwlib/libstm32fw.a(stm32f10x_tim.o)
TIM_ETRClockMode1Config                           fwlib/libstm32fw.a(stm32f10x_tim.o)
TIM_ETRClockMode2Config                           fwlib/libstm32fw.a(stm32f10x_tim.o)
TIM_ETRConfig                                     fwlib/libstm32fw.a(stm32f10x_tim.o)
TIM_EncoderInterfaceConfig                        fwlib/libstm32fw.a(stm32f10x_tim.o)
TIM_ForcedOC1Config                               fwlib/libstm32fw.a(stm32f10x_tim.o)
TIM_ForcedOC2Config                               fwlib/libstm32fw.a(stm32f10x_tim.o)
TIM_ForcedOC3Config                               fwlib/libstm32fw.a(stm32f10x_tim.o)
TIM_ForcedOC4Config                               fwlib/libstm32fw.a(stm32f10x_tim.o)
TIM_GenerateEvent                                 fwlib/libstm32fw.a(stm32f10x_tim.o)
TIM_GetCapture1                                   fwlib/libstm32fw.a(stm32f10x_tim.o)
TIM_GetCapture2                                   fwlib/libstm32fw.a(stm32f10x_tim.o)
TIM_GetCapture3                                   fwlib/libstm32fw.a(stm32f10x_tim.o)
TIM_GetCapture4                                   fwlib/libstm32fw.a(stm32f10x_tim.o)
TIM_GetCounter                                    fwlib/libstm32fw.a(stm32f10x_tim.o)
TIM_GetFlagStatus                                 fwlib/libstm32fw.a(stm32f10x_tim.o)
TIM_GetITStatus                                   fwlib/libstm32fw.a(stm32f10x_tim.o)
TIM_GetPrescaler                                  fwlib/libstm32fw.a(stm32f10x_tim.o)
TIM_ICInit                                        fwlib/libstm32fw.a(stm32f10x_tim.o)
TIM_ICStructInit                                  fwlib/libstm32fw.a(stm32f10x_tim.o)
TIM_ITConfig                                      fwlib/libstm32fw.a(stm32f10x_tim.o)
                                                  initsystem.o
TIM_ITRxExternalClockConfig                       fwlib/libstm32fw.a(stm32f10x_tim.o)
TIM_InternalClockConfig                           fwlib/libstm32fw.a(stm32f10x_tim.o)
TIM_OC1FastConfig                                 fwlib/libstm32fw.a(stm32f10x_tim.o)
TIM_OC1PolarityConfig                             fwlib/libstm32fw.a(stm32f10x_tim.o)
TIM_OC1PreloadConfig                              fwlib/libstm32fw.a(stm32f10x_tim.o)
TIM_OC2FastConfig                                 fwlib/libstm32fw.a(stm32f10x_tim.o)
TIM_OC2PolarityConfig                             fwlib/libstm32fw.a(stm32f10x_tim.o)
TIM_OC2PreloadConfig                              fwlib/libstm32fw.a(stm32f10x_tim.o)
TIM_OC3FastConfig                                 fwlib/libstm32fw.a(stm32f10x_tim.o)
TIM_OC3PolarityConfig                             fwlib/libstm32fw.a(stm32f10x_tim.o)
TIM_OC3PreloadConfig                              fwlib/libstm32fw.a(stm32f10x_tim.o)
TIM_OC4FastConfig                                 fwlib/libstm32fw.a(stm32f10x_tim.o)
TIM_OC4PolarityConfig                             fwlib/libstm32fw.a(stm32f10x_tim.o)
TIM_OC4PreloadConfig                              fwlib/libstm32fw.a(stm32f10x_tim.o)
TIM_OCInit                                        fwlib/libstm32fw.a(stm32f10x_tim.o)
                                                  initsystem.o
TIM_OCStructInit                                  fwlib/libstm32fw.a(stm32f10x_tim.o)
                                                  initsystem.o
TIM_PrescalerConfig                               fwlib/libstm32fw.a(stm32f10x_tim.o)
                                                  initsystem.o
TIM_SelectCCDMA                                   fwlib/libstm32fw.a(stm32f10x_tim.o)
TIM_SelectHallSensor                              fwlib/libstm32fw.a(stm32f10x_tim.o)
TIM_SelectInputTrigger                            fwlib/libstm32fw.a(stm32f10x_tim.o)
TIM_SelectMasterSlaveMode                         fwlib/libstm32fw.a(stm32f10x_tim.o)
TIM_SelectOnePulseMode                            fwlib/libstm32fw.a(stm32f10x_tim.o)
TIM_SelectOutputTrigger                           fwlib/libstm32fw.a(stm32f10x_tim.o)
TIM_SelectSlaveMode                               fwlib/libstm32fw.a(stm32f10x_tim.o)
TIM_SetAutoreload                                 fwlib/libstm32fw.a(stm32f10x_tim.o)
TIM_SetClockDivision                              fwlib/libstm32fw.a(stm32f10x_tim.o)
TIM_SetCompare1                                   fwlib/libstm32fw.a(stm32f10x_tim.o)
TIM_SetCompare2                                   fwlib/libstm32fw.a(stm32f10x_tim.o)